###############################################################################
#
# IAR ELF Linker V8.22.2.15995/W32 for ARM                04/Apr/2019  16:42:05
# Copyright 2007-2018 IAR Systems AB.
#
#    Output file  =  
#        C:\Users\wyc\Desktop\开发项目集\（8）Realtek8710BX\RTL8710BX\RTK8710BX\project\realtek_amebaz_va0_example\EWARM-RELEASE\Debug\Exe\application.axf
#    Map file     =  
#        C:\Users\wyc\Desktop\开发项目集\（8）Realtek8710BX\RTL8710BX\RTK8710BX\project\realtek_amebaz_va0_example\EWARM-RELEASE\Debug\List\application.map
#    Command line =  
#        -f C:\Users\wyc\AppData\Local\Temp\EWD5D.tmp
#        (C:\Users\wyc\Desktop\开发项目集\（8）Realtek8710BX\RTL8710BX\RTK8710BX\project\realtek_amebaz_va0_example\EWARM-RELEASE\Debug\Obj\ada_conf.o
#        C:\Users\wyc\Desktop\开发项目集\（8）Realtek8710BX\RTL8710BX\RTK8710BX\project\realtek_amebaz_va0_example\EWARM-RELEASE\Debug\Obj\ada_err.o
#        C:\Users\wyc\Desktop\开发项目集\（8）Realtek8710BX\RTL8710BX\RTK8710BX\project\realtek_amebaz_va0_example\EWARM-RELEASE\Debug\Obj\ada_lock.o
#        C:\Users\wyc\Desktop\开发项目集\（8）Realtek8710BX\RTL8710BX\RTK8710BX\project\realtek_amebaz_va0_example\EWARM-RELEASE\Debug\Obj\adw_wifi_conf.o
#        C:\Users\wyc\Desktop\开发项目集\（8）Realtek8710BX\RTL8710BX\RTK8710BX\project\realtek_amebaz_va0_example\EWARM-RELEASE\Debug\Obj\aes.o
#        C:\Users\wyc\Desktop\开发项目集\（8）Realtek8710BX\RTL8710BX\RTK8710BX\project\realtek_amebaz_va0_example\EWARM-RELEASE\Debug\Obj\aesni.o
#        C:\Users\wyc\Desktop\开发项目集\（8）Realtek8710BX\RTL8710BX\RTK8710BX\project\realtek_amebaz_va0_example\EWARM-RELEASE\Debug\Obj\airkiss.o
#        C:\Users\wyc\Desktop\开发项目集\（8）Realtek8710BX\RTL8710BX\RTK8710BX\project\realtek_amebaz_va0_example\EWARM-RELEASE\Debug\Obj\ameba_conf.o
#        C:\Users\wyc\Desktop\开发项目集\（8）Realtek8710BX\RTL8710BX\RTK8710BX\project\realtek_amebaz_va0_example\EWARM-RELEASE\Debug\Obj\ameba_log.o
#        C:\Users\wyc\Desktop\开发项目集\（8）Realtek8710BX\RTL8710BX\RTK8710BX\project\realtek_amebaz_va0_example\EWARM-RELEASE\Debug\Obj\analogin_api.o
#        C:\Users\wyc\Desktop\开发项目集\（8）Realtek8710BX\RTL8710BX\RTK8710BX\project\realtek_amebaz_va0_example\EWARM-RELEASE\Debug\Obj\api_lib.o
#        C:\Users\wyc\Desktop\开发项目集\（8）Realtek8710BX\RTL8710BX\RTK8710BX\project\realtek_amebaz_va0_example\EWARM-RELEASE\Debug\Obj\api_msg.o
#        C:\Users\wyc\Desktop\开发项目集\（8）Realtek8710BX\RTL8710BX\RTK8710BX\project\realtek_amebaz_va0_example\EWARM-RELEASE\Debug\Obj\app_start.o
#        C:\Users\wyc\Desktop\开发项目集\（8）Realtek8710BX\RTL8710BX\RTK8710BX\project\realtek_amebaz_va0_example\EWARM-RELEASE\Debug\Obj\arc4.o
#        C:\Users\wyc\Desktop\开发项目集\（8）Realtek8710BX\RTL8710BX\RTK8710BX\project\realtek_amebaz_va0_example\EWARM-RELEASE\Debug\Obj\asn1parse.o
#        C:\Users\wyc\Desktop\开发项目集\（8）Realtek8710BX\RTL8710BX\RTK8710BX\project\realtek_amebaz_va0_example\EWARM-RELEASE\Debug\Obj\asn1write.o
#        C:\Users\wyc\Desktop\开发项目集\（8）Realtek8710BX\RTL8710BX\RTK8710BX\project\realtek_amebaz_va0_example\EWARM-RELEASE\Debug\Obj\atcmd_cloud.o
#        C:\Users\wyc\Desktop\开发项目集\（8）Realtek8710BX\RTL8710BX\RTK8710BX\project\realtek_amebaz_va0_example\EWARM-RELEASE\Debug\Obj\atcmd_lwip.o
#        C:\Users\wyc\Desktop\开发项目集\（8）Realtek8710BX\RTL8710BX\RTK8710BX\project\realtek_amebaz_va0_example\EWARM-RELEASE\Debug\Obj\atcmd_sys.o
#        C:\Users\wyc\Desktop\开发项目集\（8）Realtek8710BX\RTL8710BX\RTK8710BX\project\realtek_amebaz_va0_example\EWARM-RELEASE\Debug\Obj\atcmd_wifi.o
#        C:\Users\wyc\Desktop\开发项目集\（8）Realtek8710BX\RTL8710BX\RTK8710BX\project\realtek_amebaz_va0_example\EWARM-RELEASE\Debug\Obj\autoip.o
#        C:\Users\wyc\Desktop\开发项目集\（8）Realtek8710BX\RTL8710BX\RTK8710BX\project\realtek_amebaz_va0_example\EWARM-RELEASE\Debug\Obj\Ayla_cloud.o
#        C:\Users\wyc\Desktop\开发项目集\（8）Realtek8710BX\RTL8710BX\RTK8710BX\project\realtek_amebaz_va0_example\EWARM-RELEASE\Debug\Obj\Ayla_demo_common.o
#        C:\Users\wyc\Desktop\开发项目集\（8）Realtek8710BX\RTL8710BX\RTK8710BX\project\realtek_amebaz_va0_example\EWARM-RELEASE\Debug\Obj\Ayla_demo_conf.o
#        C:\Users\wyc\Desktop\开发项目集\（8）Realtek8710BX\RTL8710BX\RTK8710BX\project\realtek_amebaz_va0_example\EWARM-RELEASE\Debug\Obj\Ayla_demo_ledevb.o
#        C:\Users\wyc\Desktop\开发项目集\（8）Realtek8710BX\RTL8710BX\RTK8710BX\project\realtek_amebaz_va0_example\EWARM-RELEASE\Debug\Obj\Ayla_demo_ledkey.o
#        C:\Users\wyc\Desktop\开发项目集\（8）Realtek8710BX\RTL8710BX\RTK8710BX\project\realtek_amebaz_va0_example\EWARM-RELEASE\Debug\Obj\Ayla_demo_ota.o
#        C:\Users\wyc\Desktop\开发项目集\（8）Realtek8710BX\RTL8710BX\RTK8710BX\project\realtek_amebaz_va0_example\EWARM-RELEASE\Debug\Obj\Ayla_demo_sched.o
#        C:\Users\wyc\Desktop\开发项目集\（8）Realtek8710BX\RTL8710BX\RTK8710BX\project\realtek_amebaz_va0_example\EWARM-RELEASE\Debug\Obj\Ayla_demo_stub.o
#        C:\Users\wyc\Desktop\开发项目集\（8）Realtek8710BX\RTL8710BX\RTK8710BX\project\realtek_amebaz_va0_example\EWARM-RELEASE\Debug\Obj\Ayla_demo_wifi.o
#        C:\Users\wyc\Desktop\开发项目集\（8）Realtek8710BX\RTL8710BX\RTK8710BX\project\realtek_amebaz_va0_example\EWARM-RELEASE\Debug\Obj\base64.o
#        C:\Users\wyc\Desktop\开发项目集\（8）Realtek8710BX\RTL8710BX\RTK8710BX\project\realtek_amebaz_va0_example\EWARM-RELEASE\Debug\Obj\bignum.o
#        C:\Users\wyc\Desktop\开发项目集\（8）Realtek8710BX\RTL8710BX\RTK8710BX\project\realtek_amebaz_va0_example\EWARM-RELEASE\Debug\Obj\blowfish.o
#        C:\Users\wyc\Desktop\开发项目集\（8）Realtek8710BX\RTL8710BX\RTK8710BX\project\realtek_amebaz_va0_example\EWARM-RELEASE\Debug\Obj\ca_certs_der.o
#        C:\Users\wyc\Desktop\开发项目集\（8）Realtek8710BX\RTL8710BX\RTK8710BX\project\realtek_amebaz_va0_example\EWARM-RELEASE\Debug\Obj\camellia.o
#        C:\Users\wyc\Desktop\开发项目集\（8）Realtek8710BX\RTL8710BX\RTK8710BX\project\realtek_amebaz_va0_example\EWARM-RELEASE\Debug\Obj\ccm.o
#        C:\Users\wyc\Desktop\开发项目集\（8）Realtek8710BX\RTL8710BX\RTK8710BX\project\realtek_amebaz_va0_example\EWARM-RELEASE\Debug\Obj\certs.o
#        C:\Users\wyc\Desktop\开发项目集\（8）Realtek8710BX\RTL8710BX\RTK8710BX\project\realtek_amebaz_va0_example\EWARM-RELEASE\Debug\Obj\cipher.o
#        C:\Users\wyc\Desktop\开发项目集\（8）Realtek8710BX\RTL8710BX\RTK8710BX\project\realtek_amebaz_va0_example\EWARM-RELEASE\Debug\Obj\cipher_wrap.o
#        C:\Users\wyc\Desktop\开发项目集\（8）Realtek8710BX\RTL8710BX\RTK8710BX\project\realtek_amebaz_va0_example\EWARM-RELEASE\Debug\Obj\cJSON.o
#        C:\Users\wyc\Desktop\开发项目集\（8）Realtek8710BX\RTL8710BX\RTK8710BX\project\realtek_amebaz_va0_example\EWARM-RELEASE\Debug\Obj\client.o
#        C:\Users\wyc\Desktop\开发项目集\（8）Realtek8710BX\RTL8710BX\RTK8710BX\project\realtek_amebaz_va0_example\EWARM-RELEASE\Debug\Obj\client_auth.o
#        C:\Users\wyc\Desktop\开发项目集\（8）Realtek8710BX\RTL8710BX\RTK8710BX\project\realtek_amebaz_va0_example\EWARM-RELEASE\Debug\Obj\client_conf.o
#        C:\Users\wyc\Desktop\开发项目集\（8）Realtek8710BX\RTL8710BX\RTK8710BX\project\realtek_amebaz_va0_example\EWARM-RELEASE\Debug\Obj\client_ota.o
#        C:\Users\wyc\Desktop\开发项目集\（8）Realtek8710BX\RTL8710BX\RTK8710BX\project\realtek_amebaz_va0_example\EWARM-RELEASE\Debug\Obj\client_prop.o
#        C:\Users\wyc\Desktop\开发项目集\（8）Realtek8710BX\RTL8710BX\RTK8710BX\project\realtek_amebaz_va0_example\EWARM-RELEASE\Debug\Obj\client_task.o
#        C:\Users\wyc\Desktop\开发项目集\（8）Realtek8710BX\RTL8710BX\RTK8710BX\project\realtek_amebaz_va0_example\EWARM-RELEASE\Debug\Obj\clock.o
#        C:\Users\wyc\Desktop\开发项目集\（8）Realtek8710BX\RTL8710BX\RTK8710BX\project\realtek_amebaz_va0_example\EWARM-RELEASE\Debug\Obj\clock_fmt.o
#        C:\Users\wyc\Desktop\开发项目集\（8）Realtek8710BX\RTL8710BX\RTK8710BX\project\realtek_amebaz_va0_example\EWARM-RELEASE\Debug\Obj\clock_sw.o
#        C:\Users\wyc\Desktop\开发项目集\（8）Realtek8710BX\RTL8710BX\RTK8710BX\project\realtek_amebaz_va0_example\EWARM-RELEASE\Debug\Obj\clock_utils.o
#        C:\Users\wyc\Desktop\开发项目集\（8）Realtek8710BX\RTL8710BX\RTK8710BX\project\realtek_amebaz_va0_example\EWARM-RELEASE\Debug\Obj\cloud_link.o
#        C:\Users\wyc\Desktop\开发项目集\（8）Realtek8710BX\RTL8710BX\RTK8710BX\project\realtek_amebaz_va0_example\EWARM-RELEASE\Debug\Obj\cmac.o
#        C:\Users\wyc\Desktop\开发项目集\（8）Realtek8710BX\RTL8710BX\RTK8710BX\project\realtek_amebaz_va0_example\EWARM-RELEASE\Debug\Obj\cmd_handle.o
#        C:\Users\wyc\Desktop\开发项目集\（8）Realtek8710BX\RTL8710BX\RTK8710BX\project\realtek_amebaz_va0_example\EWARM-RELEASE\Debug\Obj\cmsis_os.o
#        C:\Users\wyc\Desktop\开发项目集\（8）Realtek8710BX\RTL8710BX\RTK8710BX\project\realtek_amebaz_va0_example\EWARM-RELEASE\Debug\Obj\conf.o
#        C:\Users\wyc\Desktop\开发项目集\（8）Realtek8710BX\RTL8710BX\RTK8710BX\project\realtek_amebaz_va0_example\EWARM-RELEASE\Debug\Obj\conf_flash.o
#        C:\Users\wyc\Desktop\开发项目集\（8）Realtek8710BX\RTL8710BX\RTK8710BX\project\realtek_amebaz_va0_example\EWARM-RELEASE\Debug\Obj\conf_json.o
#        C:\Users\wyc\Desktop\开发项目集\（8）Realtek8710BX\RTL8710BX\RTK8710BX\project\realtek_amebaz_va0_example\EWARM-RELEASE\Debug\Obj\conf_table.o
#        C:\Users\wyc\Desktop\开发项目集\（8）Realtek8710BX\RTL8710BX\RTK8710BX\project\realtek_amebaz_va0_example\EWARM-RELEASE\Debug\Obj\crc.o
#        C:\Users\wyc\Desktop\开发项目集\（8）Realtek8710BX\RTL8710BX\RTK8710BX\project\realtek_amebaz_va0_example\EWARM-RELEASE\Debug\Obj\crc16.o
#        C:\Users\wyc\Desktop\开发项目集\（8）Realtek8710BX\RTL8710BX\RTK8710BX\project\realtek_amebaz_va0_example\EWARM-RELEASE\Debug\Obj\crc8.o
#        C:\Users\wyc\Desktop\开发项目集\（8）Realtek8710BX\RTL8710BX\RTK8710BX\project\realtek_amebaz_va0_example\EWARM-RELEASE\Debug\Obj\croutine.o
#        C:\Users\wyc\Desktop\开发项目集\（8）Realtek8710BX\RTL8710BX\RTK8710BX\project\realtek_amebaz_va0_example\EWARM-RELEASE\Debug\Obj\ctr_drbg.o
#        C:\Users\wyc\Desktop\开发项目集\（8）Realtek8710BX\RTL8710BX\RTK8710BX\project\realtek_amebaz_va0_example\EWARM-RELEASE\Debug\Obj\custom.css.o
#        C:\Users\wyc\Desktop\开发项目集\（8）Realtek8710BX\RTL8710BX\RTK8710BX\project\realtek_amebaz_va0_example\EWARM-RELEASE\Debug\Obj\debug.o
#        C:\Users\wyc\Desktop\开发项目集\（8）Realtek8710BX\RTL8710BX\RTK8710BX\project\realtek_amebaz_va0_example\EWARM-RELEASE\Debug\Obj\def.o
#        C:\Users\wyc\Desktop\开发项目集\（8）Realtek8710BX\RTL8710BX\RTK8710BX\project\realtek_amebaz_va0_example\EWARM-RELEASE\Debug\Obj\des.o
#        C:\Users\wyc\Desktop\开发项目集\（8）Realtek8710BX\RTL8710BX\RTK8710BX\project\realtek_amebaz_va0_example\EWARM-RELEASE\Debug\Obj\device_lock.o
#        C:\Users\wyc\Desktop\开发项目集\（8）Realtek8710BX\RTL8710BX\RTK8710BX\project\realtek_amebaz_va0_example\EWARM-RELEASE\Debug\Obj\dhcp.o
#        C:\Users\wyc\Desktop\开发项目集\（8）Realtek8710BX\RTL8710BX\RTK8710BX\project\realtek_amebaz_va0_example\EWARM-RELEASE\Debug\Obj\dhcps.o
#        C:\Users\wyc\Desktop\开发项目集\（8）Realtek8710BX\RTL8710BX\RTK8710BX\project\realtek_amebaz_va0_example\EWARM-RELEASE\Debug\Obj\dhm.o
#        C:\Users\wyc\Desktop\开发项目集\（8）Realtek8710BX\RTL8710BX\RTK8710BX\project\realtek_amebaz_va0_example\EWARM-RELEASE\Debug\Obj\dma_api.o
#        C:\Users\wyc\Desktop\开发项目集\（8）Realtek8710BX\RTL8710BX\RTK8710BX\project\realtek_amebaz_va0_example\EWARM-RELEASE\Debug\Obj\dns.o
#        C:\Users\wyc\Desktop\开发项目集\（8）Realtek8710BX\RTL8710BX\RTK8710BX\project\realtek_amebaz_va0_example\EWARM-RELEASE\Debug\Obj\dnss.o
#        C:\Users\wyc\Desktop\开发项目集\（8）Realtek8710BX\RTL8710BX\RTK8710BX\project\realtek_amebaz_va0_example\EWARM-RELEASE\Debug\Obj\dnss_util.o
#        C:\Users\wyc\Desktop\开发项目集\（8）Realtek8710BX\RTL8710BX\RTK8710BX\project\realtek_amebaz_va0_example\EWARM-RELEASE\Debug\Obj\ecdh.o
#        C:\Users\wyc\Desktop\开发项目集\（8）Realtek8710BX\RTL8710BX\RTK8710BX\project\realtek_amebaz_va0_example\EWARM-RELEASE\Debug\Obj\ecdsa.o
#        C:\Users\wyc\Desktop\开发项目集\（8）Realtek8710BX\RTL8710BX\RTK8710BX\project\realtek_amebaz_va0_example\EWARM-RELEASE\Debug\Obj\ecjpake.o
#        C:\Users\wyc\Desktop\开发项目集\（8）Realtek8710BX\RTL8710BX\RTK8710BX\project\realtek_amebaz_va0_example\EWARM-RELEASE\Debug\Obj\ecp.o
#        C:\Users\wyc\Desktop\开发项目集\（8）Realtek8710BX\RTL8710BX\RTK8710BX\project\realtek_amebaz_va0_example\EWARM-RELEASE\Debug\Obj\ecp_curves.o
#        C:\Users\wyc\Desktop\开发项目集\（8）Realtek8710BX\RTL8710BX\RTK8710BX\project\realtek_amebaz_va0_example\EWARM-RELEASE\Debug\Obj\efuse_api.o
#        C:\Users\wyc\Desktop\开发项目集\（8）Realtek8710BX\RTL8710BX\RTK8710BX\project\realtek_amebaz_va0_example\EWARM-RELEASE\Debug\Obj\endian.o
#        C:\Users\wyc\Desktop\开发项目集\（8）Realtek8710BX\RTL8710BX\RTK8710BX\project\realtek_amebaz_va0_example\EWARM-RELEASE\Debug\Obj\entropy.o
#        C:\Users\wyc\Desktop\开发项目集\（8）Realtek8710BX\RTL8710BX\RTK8710BX\project\realtek_amebaz_va0_example\EWARM-RELEASE\Debug\Obj\entropy_poll.o
#        C:\Users\wyc\Desktop\开发项目集\（8）Realtek8710BX\RTL8710BX\RTK8710BX\project\realtek_amebaz_va0_example\EWARM-RELEASE\Debug\Obj\err.o
#        C:\Users\wyc\Desktop\开发项目集\（8）Realtek8710BX\RTL8710BX\RTK8710BX\project\realtek_amebaz_va0_example\EWARM-RELEASE\Debug\Obj\error.o
#        C:\Users\wyc\Desktop\开发项目集\（8）Realtek8710BX\RTL8710BX\RTK8710BX\project\realtek_amebaz_va0_example\EWARM-RELEASE\Debug\Obj\etharp.o
#        C:\Users\wyc\Desktop\开发项目集\（8）Realtek8710BX\RTL8710BX\RTK8710BX\project\realtek_amebaz_va0_example\EWARM-RELEASE\Debug\Obj\ethernetif.o
#        C:\Users\wyc\Desktop\开发项目集\（8）Realtek8710BX\RTL8710BX\RTK8710BX\project\realtek_amebaz_va0_example\EWARM-RELEASE\Debug\Obj\event_groups.o
#        C:\Users\wyc\Desktop\开发项目集\（8）Realtek8710BX\RTL8710BX\RTK8710BX\project\realtek_amebaz_va0_example\EWARM-RELEASE\Debug\Obj\example_bcast.o
#        C:\Users\wyc\Desktop\开发项目集\（8）Realtek8710BX\RTL8710BX\RTK8710BX\project\realtek_amebaz_va0_example\EWARM-RELEASE\Debug\Obj\example_coap.o
#        C:\Users\wyc\Desktop\开发项目集\（8）Realtek8710BX\RTL8710BX\RTK8710BX\project\realtek_amebaz_va0_example\EWARM-RELEASE\Debug\Obj\example_eap.o
#        C:\Users\wyc\Desktop\开发项目集\（8）Realtek8710BX\RTL8710BX\RTK8710BX\project\realtek_amebaz_va0_example\EWARM-RELEASE\Debug\Obj\example_entry.o
#        C:\Users\wyc\Desktop\开发项目集\（8）Realtek8710BX\RTL8710BX\RTK8710BX\project\realtek_amebaz_va0_example\EWARM-RELEASE\Debug\Obj\example_get_beacon_frame.o
#        C:\Users\wyc\Desktop\开发项目集\（8）Realtek8710BX\RTL8710BX\RTK8710BX\project\realtek_amebaz_va0_example\EWARM-RELEASE\Debug\Obj\example_google.o
#        C:\Users\wyc\Desktop\开发项目集\（8）Realtek8710BX\RTL8710BX\RTK8710BX\project\realtek_amebaz_va0_example\EWARM-RELEASE\Debug\Obj\example_high_load_memory_use.o
#        C:\Users\wyc\Desktop\开发项目集\（8）Realtek8710BX\RTL8710BX\RTK8710BX\project\realtek_amebaz_va0_example\EWARM-RELEASE\Debug\Obj\example_http_client.o
#        C:\Users\wyc\Desktop\开发项目集\（8）Realtek8710BX\RTL8710BX\RTK8710BX\project\realtek_amebaz_va0_example\EWARM-RELEASE\Debug\Obj\example_http_download.o
#        C:\Users\wyc\Desktop\开发项目集\（8）Realtek8710BX\RTL8710BX\RTK8710BX\project\realtek_amebaz_va0_example\EWARM-RELEASE\Debug\Obj\example_httpc.o
#        C:\Users\wyc\Desktop\开发项目集\（8）Realtek8710BX\RTL8710BX\RTK8710BX\project\realtek_amebaz_va0_example\EWARM-RELEASE\Debug\Obj\example_httpd.o
#        C:\Users\wyc\Desktop\开发项目集\（8）Realtek8710BX\RTL8710BX\RTK8710BX\project\realtek_amebaz_va0_example\EWARM-RELEASE\Debug\Obj\example_inic_gspi.o
#        C:\Users\wyc\Desktop\开发项目集\（8）Realtek8710BX\RTL8710BX\RTK8710BX\project\realtek_amebaz_va0_example\EWARM-RELEASE\Debug\Obj\example_mcast.o
#        C:\Users\wyc\Desktop\开发项目集\（8）Realtek8710BX\RTL8710BX\RTK8710BX\project\realtek_amebaz_va0_example\EWARM-RELEASE\Debug\Obj\example_mdns.o
#        C:\Users\wyc\Desktop\开发项目集\（8）Realtek8710BX\RTL8710BX\RTK8710BX\project\realtek_amebaz_va0_example\EWARM-RELEASE\Debug\Obj\example_mqtt.o
#        C:\Users\wyc\Desktop\开发项目集\（8）Realtek8710BX\RTL8710BX\RTK8710BX\project\realtek_amebaz_va0_example\EWARM-RELEASE\Debug\Obj\example_nonblock_connect.o
#        C:\Users\wyc\Desktop\开发项目集\（8）Realtek8710BX\RTL8710BX\RTK8710BX\project\realtek_amebaz_va0_example\EWARM-RELEASE\Debug\Obj\example_ota_http.o
#        C:\Users\wyc\Desktop\开发项目集\（8）Realtek8710BX\RTL8710BX\RTK8710BX\project\realtek_amebaz_va0_example\EWARM-RELEASE\Debug\Obj\example_rarp.o
#        C:\Users\wyc\Desktop\开发项目集\（8）Realtek8710BX\RTL8710BX\RTK8710BX\project\realtek_amebaz_va0_example\EWARM-RELEASE\Debug\Obj\example_sntp_showtime.o
#        C:\Users\wyc\Desktop\开发项目集\（8）Realtek8710BX\RTL8710BX\RTK8710BX\project\realtek_amebaz_va0_example\EWARM-RELEASE\Debug\Obj\example_socket_select.o
#        C:\Users\wyc\Desktop\开发项目集\（8）Realtek8710BX\RTL8710BX\RTK8710BX\project\realtek_amebaz_va0_example\EWARM-RELEASE\Debug\Obj\example_ssl_download.o
#        C:\Users\wyc\Desktop\开发项目集\（8）Realtek8710BX\RTL8710BX\RTK8710BX\project\realtek_amebaz_va0_example\EWARM-RELEASE\Debug\Obj\example_ssl_server.o
#        C:\Users\wyc\Desktop\开发项目集\（8）Realtek8710BX\RTL8710BX\RTK8710BX\project\realtek_amebaz_va0_example\EWARM-RELEASE\Debug\Obj\example_tcp_keepalive.o
#        C:\Users\wyc\Desktop\开发项目集\（8）Realtek8710BX\RTL8710BX\RTK8710BX\project\realtek_amebaz_va0_example\EWARM-RELEASE\Debug\Obj\example_uart_atcmd.o
#        C:\Users\wyc\Desktop\开发项目集\（8）Realtek8710BX\RTL8710BX\RTK8710BX\project\realtek_amebaz_va0_example\EWARM-RELEASE\Debug\Obj\example_uart_update.o
#        C:\Users\wyc\Desktop\开发项目集\（8）Realtek8710BX\RTL8710BX\RTK8710BX\project\realtek_amebaz_va0_example\EWARM-RELEASE\Debug\Obj\example_wifi_mac_monitor.o
#        C:\Users\wyc\Desktop\开发项目集\（8）Realtek8710BX\RTL8710BX\RTK8710BX\project\realtek_amebaz_va0_example\EWARM-RELEASE\Debug\Obj\example_wifi_roaming.o
#        C:\Users\wyc\Desktop\开发项目集\（8）Realtek8710BX\RTL8710BX\RTK8710BX\project\realtek_amebaz_va0_example\EWARM-RELEASE\Debug\Obj\example_wlan_fast_connect.o
#        C:\Users\wyc\Desktop\开发项目集\（8）Realtek8710BX\RTL8710BX\RTK8710BX\project\realtek_amebaz_va0_example\EWARM-RELEASE\Debug\Obj\example_wlan_scenario.o
#        C:\Users\wyc\Desktop\开发项目集\（8）Realtek8710BX\RTL8710BX\RTK8710BX\project\realtek_amebaz_va0_example\EWARM-RELEASE\Debug\Obj\example_wsclient.o
#        C:\Users\wyc\Desktop\开发项目集\（8）Realtek8710BX\RTL8710BX\RTK8710BX\project\realtek_amebaz_va0_example\EWARM-RELEASE\Debug\Obj\example_xml.o
#        C:\Users\wyc\Desktop\开发项目集\（8）Realtek8710BX\RTL8710BX\RTK8710BX\project\realtek_amebaz_va0_example\EWARM-RELEASE\Debug\Obj\flash_api.o
#        C:\Users\wyc\Desktop\开发项目集\（8）Realtek8710BX\RTL8710BX\RTK8710BX\project\realtek_amebaz_va0_example\EWARM-RELEASE\Debug\Obj\format_mac.o
#        C:\Users\wyc\Desktop\开发项目集\（8）Realtek8710BX\RTL8710BX\RTK8710BX\project\realtek_amebaz_va0_example\EWARM-RELEASE\Debug\Obj\format_string.o
#        C:\Users\wyc\Desktop\开发项目集\（8）Realtek8710BX\RTL8710BX\RTK8710BX\project\realtek_amebaz_va0_example\EWARM-RELEASE\Debug\Obj\freertos_service.o
#        C:\Users\wyc\Desktop\开发项目集\（8）Realtek8710BX\RTL8710BX\RTK8710BX\project\realtek_amebaz_va0_example\EWARM-RELEASE\Debug\Obj\gcm.o
#        C:\Users\wyc\Desktop\开发项目集\（8）Realtek8710BX\RTL8710BX\RTK8710BX\project\realtek_amebaz_va0_example\EWARM-RELEASE\Debug\Obj\google_tls.o
#        C:\Users\wyc\Desktop\开发项目集\（8）Realtek8710BX\RTL8710BX\RTK8710BX\project\realtek_amebaz_va0_example\EWARM-RELEASE\Debug\Obj\gpio_api.o
#        C:\Users\wyc\Desktop\开发项目集\（8）Realtek8710BX\RTL8710BX\RTK8710BX\project\realtek_amebaz_va0_example\EWARM-RELEASE\Debug\Obj\gpio_irq_api.o
#        C:\Users\wyc\Desktop\开发项目集\（8）Realtek8710BX\RTL8710BX\RTK8710BX\project\realtek_amebaz_va0_example\EWARM-RELEASE\Debug\Obj\havege.o
#        C:\Users\wyc\Desktop\开发项目集\（8）Realtek8710BX\RTL8710BX\RTK8710BX\project\realtek_amebaz_va0_example\EWARM-RELEASE\Debug\Obj\heap_5.o
#        C:\Users\wyc\Desktop\开发项目集\（8）Realtek8710BX\RTL8710BX\RTK8710BX\project\realtek_amebaz_va0_example\EWARM-RELEASE\Debug\Obj\hmac_drbg.o
#        C:\Users\wyc\Desktop\开发项目集\（8）Realtek8710BX\RTL8710BX\RTK8710BX\project\realtek_amebaz_va0_example\EWARM-RELEASE\Debug\Obj\hostname_valid.o
#        C:\Users\wyc\Desktop\开发项目集\（8）Realtek8710BX\RTL8710BX\RTK8710BX\project\realtek_amebaz_va0_example\EWARM-RELEASE\Debug\Obj\http.o
#        C:\Users\wyc\Desktop\开发项目集\（8）Realtek8710BX\RTL8710BX\RTK8710BX\project\realtek_amebaz_va0_example\EWARM-RELEASE\Debug\Obj\http_client.o
#        C:\Users\wyc\Desktop\开发项目集\（8）Realtek8710BX\RTL8710BX\RTK8710BX\project\realtek_amebaz_va0_example\EWARM-RELEASE\Debug\Obj\httpc_tls.o
#        C:\Users\wyc\Desktop\开发项目集\（8）Realtek8710BX\RTL8710BX\RTK8710BX\project\realtek_amebaz_va0_example\EWARM-RELEASE\Debug\Obj\httpd_tls.o
#        C:\Users\wyc\Desktop\开发项目集\（8）Realtek8710BX\RTL8710BX\RTK8710BX\project\realtek_amebaz_va0_example\EWARM-RELEASE\Debug\Obj\i2c_api.o
#        C:\Users\wyc\Desktop\开发项目集\（8）Realtek8710BX\RTL8710BX\RTK8710BX\project\realtek_amebaz_va0_example\EWARM-RELEASE\Debug\Obj\i2s_api.o
#        C:\Users\wyc\Desktop\开发项目集\（8）Realtek8710BX\RTL8710BX\RTK8710BX\project\realtek_amebaz_va0_example\EWARM-RELEASE\Debug\Obj\icmp.o
#        C:\Users\wyc\Desktop\开发项目集\（8）Realtek8710BX\RTL8710BX\RTK8710BX\project\realtek_amebaz_va0_example\EWARM-RELEASE\Debug\Obj\igmp.o
#        C:\Users\wyc\Desktop\开发项目集\（8）Realtek8710BX\RTL8710BX\RTK8710BX\project\realtek_amebaz_va0_example\EWARM-RELEASE\Debug\Obj\inet.o
#        C:\Users\wyc\Desktop\开发项目集\（8）Realtek8710BX\RTL8710BX\RTK8710BX\project\realtek_amebaz_va0_example\EWARM-RELEASE\Debug\Obj\inet_chksum.o
#        C:\Users\wyc\Desktop\开发项目集\（8）Realtek8710BX\RTL8710BX\RTK8710BX\project\realtek_amebaz_va0_example\EWARM-RELEASE\Debug\Obj\init.o
#        C:\Users\wyc\Desktop\开发项目集\（8）Realtek8710BX\RTL8710BX\RTK8710BX\project\realtek_amebaz_va0_example\EWARM-RELEASE\Debug\Obj\ip.o
#        C:\Users\wyc\Desktop\开发项目集\（8）Realtek8710BX\RTL8710BX\RTK8710BX\project\realtek_amebaz_va0_example\EWARM-RELEASE\Debug\Obj\ip_addr.o
#        C:\Users\wyc\Desktop\开发项目集\（8）Realtek8710BX\RTL8710BX\RTK8710BX\project\realtek_amebaz_va0_example\EWARM-RELEASE\Debug\Obj\ip_frag.o
#        C:\Users\wyc\Desktop\开发项目集\（8）Realtek8710BX\RTL8710BX\RTK8710BX\project\realtek_amebaz_va0_example\EWARM-RELEASE\Debug\Obj\ipaddr_fmt.o
#        C:\Users\wyc\Desktop\开发项目集\（8）Realtek8710BX\RTL8710BX\RTK8710BX\project\realtek_amebaz_va0_example\EWARM-RELEASE\Debug\Obj\jsmn.o
#        C:\Users\wyc\Desktop\开发项目集\（8）Realtek8710BX\RTL8710BX\RTK8710BX\project\realtek_amebaz_va0_example\EWARM-RELEASE\Debug\Obj\jsmn_get.o
#        C:\Users\wyc\Desktop\开发项目集\（8）Realtek8710BX\RTL8710BX\RTK8710BX\project\realtek_amebaz_va0_example\EWARM-RELEASE\Debug\Obj\jsmn_iterate.o
#        C:\Users\wyc\Desktop\开发项目集\（8）Realtek8710BX\RTL8710BX\RTK8710BX\project\realtek_amebaz_va0_example\EWARM-RELEASE\Debug\Obj\json_format_string.o
#        C:\Users\wyc\Desktop\开发项目集\（8）Realtek8710BX\RTL8710BX\RTK8710BX\project\realtek_amebaz_va0_example\EWARM-RELEASE\Debug\Obj\lan.o
#        C:\Users\wyc\Desktop\开发项目集\（8）Realtek8710BX\RTL8710BX\RTK8710BX\component\common\application\airkiss\lib_airkisscloud.a
#        C:\Users\wyc\Desktop\开发项目集\（8）Realtek8710BX\RTL8710BX\RTK8710BX\component\soc\realtek\8711b\misc\bsp\lib\common\IAR\lib_http.a
#        C:\Users\wyc\Desktop\开发项目集\（8）Realtek8710BX\RTL8710BX\RTK8710BX\component\soc\realtek\8711b\misc\bsp\lib\common\IAR\lib_mdns.a
#        C:\Users\wyc\Desktop\开发项目集\（8）Realtek8710BX\RTL8710BX\RTK8710BX\component\soc\realtek\8711b\misc\bsp\lib\common\IAR\lib_platform.a
#        C:\Users\wyc\Desktop\开发项目集\（8）Realtek8710BX\RTL8710BX\RTK8710BX\component\common\application\airkiss\lib_rt_airkiss_algo.a
#        C:\Users\wyc\Desktop\开发项目集\（8）Realtek8710BX\RTL8710BX\RTK8710BX\component\soc\realtek\8711b\misc\bsp\lib\common\IAR\lib_rtlstd.a
#        C:\Users\wyc\Desktop\开发项目集\（8）Realtek8710BX\RTL8710BX\RTK8710BX\component\soc\realtek\8711b\misc\bsp\lib\common\IAR\lib_websocket.a
#        C:\Users\wyc\Desktop\开发项目集\（8）Realtek8710BX\RTL8710BX\RTK8710BX\component\soc\realtek\8711b\misc\bsp\lib\common\IAR\lib_wlan.a
#        C:\Users\wyc\Desktop\开发项目集\（8）Realtek8710BX\RTL8710BX\RTK8710BX\component\soc\realtek\8711b\misc\bsp\lib\common\IAR\lib_wps.a
#        C:\Users\wyc\Desktop\开发项目集\（8）Realtek8710BX\RTL8710BX\RTK8710BX\component\soc\realtek\8711b\misc\bsp\lib\common\IAR\lib_xmodem.a
#        C:\Users\wyc\Desktop\开发项目集\（8）Realtek8710BX\RTL8710BX\RTK8710BX\component\common\application\airkiss\libairkiss.a
#        C:\Users\wyc\Desktop\开发项目集\（8）Realtek8710BX\RTL8710BX\RTK8710BX\component\common\application\airkiss\libairkiss_log.a
#        C:\Users\wyc\Desktop\开发项目集\（8）Realtek8710BX\RTL8710BX\RTK8710BX\project\realtek_amebaz_va0_example\EWARM-RELEASE\Debug\Obj\list.o
#        C:\Users\wyc\Desktop\开发项目集\（8）Realtek8710BX\RTL8710BX\RTK8710BX\project\realtek_amebaz_va0_example\EWARM-RELEASE\Debug\Obj\lock.gif.o
#        C:\Users\wyc\Desktop\开发项目集\（8）Realtek8710BX\RTL8710BX\RTK8710BX\project\realtek_amebaz_va0_example\EWARM-RELEASE\Debug\Obj\log.o
#        C:\Users\wyc\Desktop\开发项目集\（8）Realtek8710BX\RTL8710BX\RTK8710BX\project\realtek_amebaz_va0_example\EWARM-RELEASE\Debug\Obj\log_cmd.o
#        C:\Users\wyc\Desktop\开发项目集\（8）Realtek8710BX\RTL8710BX\RTK8710BX\project\realtek_amebaz_va0_example\EWARM-RELEASE\Debug\Obj\log_conf.o
#        C:\Users\wyc\Desktop\开发项目集\（8）Realtek8710BX\RTL8710BX\RTK8710BX\project\realtek_amebaz_va0_example\EWARM-RELEASE\Debug\Obj\log_io.o
#        C:\Users\wyc\Desktop\开发项目集\（8）Realtek8710BX\RTL8710BX\RTK8710BX\project\realtek_amebaz_va0_example\EWARM-RELEASE\Debug\Obj\log_page.o
#        C:\Users\wyc\Desktop\开发项目集\（8）Realtek8710BX\RTL8710BX\RTK8710BX\project\realtek_amebaz_va0_example\EWARM-RELEASE\Debug\Obj\log_service.o
#        C:\Users\wyc\Desktop\开发项目集\（8）Realtek8710BX\RTL8710BX\RTK8710BX\project\realtek_amebaz_va0_example\EWARM-RELEASE\Debug\Obj\lookup_by_name.o
#        C:\Users\wyc\Desktop\开发项目集\（8）Realtek8710BX\RTL8710BX\RTK8710BX\project\realtek_amebaz_va0_example\EWARM-RELEASE\Debug\Obj\lookup_by_val.o
#        C:\Users\wyc\Desktop\开发项目集\（8）Realtek8710BX\RTL8710BX\RTK8710BX\project\realtek_amebaz_va0_example\EWARM-RELEASE\Debug\Obj\low_level_io.o
#        C:\Users\wyc\Desktop\开发项目集\（8）Realtek8710BX\RTL8710BX\RTK8710BX\project\realtek_amebaz_va0_example\EWARM-RELEASE\Debug\Obj\lwip_intf.o
#        C:\Users\wyc\Desktop\开发项目集\（8）Realtek8710BX\RTL8710BX\RTK8710BX\project\realtek_amebaz_va0_example\EWARM-RELEASE\Debug\Obj\lwip_netconf.o
#        C:\Users\wyc\Desktop\开发项目集\（8）Realtek8710BX\RTL8710BX\RTK8710BX\project\realtek_amebaz_va0_example\EWARM-RELEASE\Debug\Obj\lwip_timers.o
#        C:\Users\wyc\Desktop\开发项目集\（8）Realtek8710BX\RTL8710BX\RTK8710BX\project\realtek_amebaz_va0_example\EWARM-RELEASE\Debug\Obj\main.o
#        C:\Users\wyc\Desktop\开发项目集\（8）Realtek8710BX\RTL8710BX\RTK8710BX\project\realtek_amebaz_va0_example\EWARM-RELEASE\Debug\Obj\malloc.o
#        C:\Users\wyc\Desktop\开发项目集\（8）Realtek8710BX\RTL8710BX\RTK8710BX\project\realtek_amebaz_va0_example\EWARM-RELEASE\Debug\Obj\md.o
#        C:\Users\wyc\Desktop\开发项目集\（8）Realtek8710BX\RTL8710BX\RTK8710BX\project\realtek_amebaz_va0_example\EWARM-RELEASE\Debug\Obj\md2.o
#        C:\Users\wyc\Desktop\开发项目集\（8）Realtek8710BX\RTL8710BX\RTK8710BX\project\realtek_amebaz_va0_example\EWARM-RELEASE\Debug\Obj\md4.o
#        C:\Users\wyc\Desktop\开发项目集\（8）Realtek8710BX\RTL8710BX\RTK8710BX\project\realtek_amebaz_va0_example\EWARM-RELEASE\Debug\Obj\md5.o
#        C:\Users\wyc\Desktop\开发项目集\（8）Realtek8710BX\RTL8710BX\RTK8710BX\project\realtek_amebaz_va0_example\EWARM-RELEASE\Debug\Obj\md_wrap.o
#        C:\Users\wyc\Desktop\开发项目集\（8）Realtek8710BX\RTL8710BX\RTK8710BX\project\realtek_amebaz_va0_example\EWARM-RELEASE\Debug\Obj\mDNSPlatform.o
#        C:\Users\wyc\Desktop\开发项目集\（8）Realtek8710BX\RTL8710BX\RTK8710BX\project\realtek_amebaz_va0_example\EWARM-RELEASE\Debug\Obj\mem.o
#        C:\Users\wyc\Desktop\开发项目集\（8）Realtek8710BX\RTL8710BX\RTK8710BX\project\realtek_amebaz_va0_example\EWARM-RELEASE\Debug\Obj\memory_buffer_alloc.o
#        C:\Users\wyc\Desktop\开发项目集\（8）Realtek8710BX\RTL8710BX\RTK8710BX\project\realtek_amebaz_va0_example\EWARM-RELEASE\Debug\Obj\memp.o
#        C:\Users\wyc\Desktop\开发项目集\（8）Realtek8710BX\RTL8710BX\RTK8710BX\project\realtek_amebaz_va0_example\EWARM-RELEASE\Debug\Obj\monitor.o
#        C:\Users\wyc\Desktop\开发项目集\（8）Realtek8710BX\RTL8710BX\RTK8710BX\project\realtek_amebaz_va0_example\EWARM-RELEASE\Debug\Obj\MQTTClient.o
#        C:\Users\wyc\Desktop\开发项目集\（8）Realtek8710BX\RTL8710BX\RTK8710BX\project\realtek_amebaz_va0_example\EWARM-RELEASE\Debug\Obj\MQTTConnectClient.o
#        C:\Users\wyc\Desktop\开发项目集\（8）Realtek8710BX\RTL8710BX\RTK8710BX\project\realtek_amebaz_va0_example\EWARM-RELEASE\Debug\Obj\MQTTConnectServer.o
#        C:\Users\wyc\Desktop\开发项目集\（8）Realtek8710BX\RTL8710BX\RTK8710BX\project\realtek_amebaz_va0_example\EWARM-RELEASE\Debug\Obj\MQTTDeserializePublish.o
#        C:\Users\wyc\Desktop\开发项目集\（8）Realtek8710BX\RTL8710BX\RTK8710BX\project\realtek_amebaz_va0_example\EWARM-RELEASE\Debug\Obj\MQTTFormat.o
#        C:\Users\wyc\Desktop\开发项目集\（8）Realtek8710BX\RTL8710BX\RTK8710BX\project\realtek_amebaz_va0_example\EWARM-RELEASE\Debug\Obj\MQTTFreertos.o
#        C:\Users\wyc\Desktop\开发项目集\（8）Realtek8710BX\RTL8710BX\RTK8710BX\project\realtek_amebaz_va0_example\EWARM-RELEASE\Debug\Obj\MQTTPacket.o
#        C:\Users\wyc\Desktop\开发项目集\（8）Realtek8710BX\RTL8710BX\RTK8710BX\project\realtek_amebaz_va0_example\EWARM-RELEASE\Debug\Obj\MQTTSerializePublish.o
#        C:\Users\wyc\Desktop\开发项目集\（8）Realtek8710BX\RTL8710BX\RTK8710BX\project\realtek_amebaz_va0_example\EWARM-RELEASE\Debug\Obj\MQTTSubscribeClient.o
#        C:\Users\wyc\Desktop\开发项目集\（8）Realtek8710BX\RTL8710BX\RTK8710BX\project\realtek_amebaz_va0_example\EWARM-RELEASE\Debug\Obj\MQTTSubscribeServer.o
#        C:\Users\wyc\Desktop\开发项目集\（8）Realtek8710BX\RTL8710BX\RTK8710BX\project\realtek_amebaz_va0_example\EWARM-RELEASE\Debug\Obj\MQTTUnsubscribeClient.o
#        C:\Users\wyc\Desktop\开发项目集\（8）Realtek8710BX\RTL8710BX\RTK8710BX\project\realtek_amebaz_va0_example\EWARM-RELEASE\Debug\Obj\MQTTUnsubscribeServer.o
#        C:\Users\wyc\Desktop\开发项目集\（8）Realtek8710BX\RTL8710BX\RTK8710BX\project\realtek_amebaz_va0_example\EWARM-RELEASE\Debug\Obj\net_mbuf.o
#        C:\Users\wyc\Desktop\开发项目集\（8）Realtek8710BX\RTL8710BX\RTK8710BX\project\realtek_amebaz_va0_example\EWARM-RELEASE\Debug\Obj\net_realtek.o
#        C:\Users\wyc\Desktop\开发项目集\（8）Realtek8710BX\RTL8710BX\RTK8710BX\project\realtek_amebaz_va0_example\EWARM-RELEASE\Debug\Obj\net_sockets.o
#        C:\Users\wyc\Desktop\开发项目集\（8）Realtek8710BX\RTL8710BX\RTK8710BX\project\realtek_amebaz_va0_example\EWARM-RELEASE\Debug\Obj\netbuf.o
#        C:\Users\wyc\Desktop\开发项目集\（8）Realtek8710BX\RTL8710BX\RTK8710BX\project\realtek_amebaz_va0_example\EWARM-RELEASE\Debug\Obj\netdb.o
#        C:\Users\wyc\Desktop\开发项目集\（8）Realtek8710BX\RTL8710BX\RTK8710BX\project\realtek_amebaz_va0_example\EWARM-RELEASE\Debug\Obj\netif.o
#        C:\Users\wyc\Desktop\开发项目集\（8）Realtek8710BX\RTL8710BX\RTK8710BX\project\realtek_amebaz_va0_example\EWARM-RELEASE\Debug\Obj\netifapi.o
#        C:\Users\wyc\Desktop\开发项目集\（8）Realtek8710BX\RTL8710BX\RTK8710BX\project\realtek_amebaz_va0_example\EWARM-RELEASE\Debug\Obj\nfc_api.o
#        C:\Users\wyc\Desktop\开发项目集\（8）Realtek8710BX\RTL8710BX\RTK8710BX\project\realtek_amebaz_va0_example\EWARM-RELEASE\Debug\Obj\notify.o
#        C:\Users\wyc\Desktop\开发项目集\（8）Realtek8710BX\RTL8710BX\RTK8710BX\project\realtek_amebaz_va0_example\EWARM-RELEASE\Debug\Obj\notify_task.o
#        C:\Users\wyc\Desktop\开发项目集\（8）Realtek8710BX\RTL8710BX\RTK8710BX\project\realtek_amebaz_va0_example\EWARM-RELEASE\Debug\Obj\oem.o
#        C:\Users\wyc\Desktop\开发项目集\（8）Realtek8710BX\RTL8710BX\RTK8710BX\project\realtek_amebaz_va0_example\EWARM-RELEASE\Debug\Obj\oid.o
#        C:\Users\wyc\Desktop\开发项目集\（8）Realtek8710BX\RTL8710BX\RTK8710BX\project\realtek_amebaz_va0_example\EWARM-RELEASE\Debug\Obj\osdep_service.o
#        C:\Users\wyc\Desktop\开发项目集\（8）Realtek8710BX\RTL8710BX\RTK8710BX\project\realtek_amebaz_va0_example\EWARM-RELEASE\Debug\Obj\padlock.o
#        C:\Users\wyc\Desktop\开发项目集\（8）Realtek8710BX\RTL8710BX\RTK8710BX\project\realtek_amebaz_va0_example\EWARM-RELEASE\Debug\Obj\parse_argv.o
#        C:\Users\wyc\Desktop\开发项目集\（8）Realtek8710BX\RTL8710BX\RTK8710BX\project\realtek_amebaz_va0_example\EWARM-RELEASE\Debug\Obj\parse_date.o
#        C:\Users\wyc\Desktop\开发项目集\（8）Realtek8710BX\RTL8710BX\RTK8710BX\project\realtek_amebaz_va0_example\EWARM-RELEASE\Debug\Obj\parse_hex.o
#        C:\Users\wyc\Desktop\开发项目集\（8）Realtek8710BX\RTL8710BX\RTK8710BX\project\realtek_amebaz_va0_example\EWARM-RELEASE\Debug\Obj\parse_mac.o
#        C:\Users\wyc\Desktop\开发项目集\（8）Realtek8710BX\RTL8710BX\RTK8710BX\project\realtek_amebaz_va0_example\EWARM-RELEASE\Debug\Obj\parse_url.o
#        C:\Users\wyc\Desktop\开发项目集\（8）Realtek8710BX\RTL8710BX\RTK8710BX\project\realtek_amebaz_va0_example\EWARM-RELEASE\Debug\Obj\pbuf.o
#        C:\Users\wyc\Desktop\开发项目集\（8）Realtek8710BX\RTL8710BX\RTK8710BX\project\realtek_amebaz_va0_example\EWARM-RELEASE\Debug\Obj\pem.o
#        C:\Users\wyc\Desktop\开发项目集\（8）Realtek8710BX\RTL8710BX\RTK8710BX\project\realtek_amebaz_va0_example\EWARM-RELEASE\Debug\Obj\ping_test.o
#        C:\Users\wyc\Desktop\开发项目集\（8）Realtek8710BX\RTL8710BX\RTK8710BX\project\realtek_amebaz_va0_example\EWARM-RELEASE\Debug\Obj\pinmap.o
#        C:\Users\wyc\Desktop\开发项目集\（8）Realtek8710BX\RTL8710BX\RTK8710BX\project\realtek_amebaz_va0_example\EWARM-RELEASE\Debug\Obj\pinmap_common.o
#        C:\Users\wyc\Desktop\开发项目集\（8）Realtek8710BX\RTL8710BX\RTK8710BX\project\realtek_amebaz_va0_example\EWARM-RELEASE\Debug\Obj\pk.o
#        C:\Users\wyc\Desktop\开发项目集\（8）Realtek8710BX\RTL8710BX\RTK8710BX\project\realtek_amebaz_va0_example\EWARM-RELEASE\Debug\Obj\pk_wrap.o
#        C:\Users\wyc\Desktop\开发项目集\（8）Realtek8710BX\RTL8710BX\RTK8710BX\project\realtek_amebaz_va0_example\EWARM-RELEASE\Debug\Obj\pkcs11.o
#        C:\Users\wyc\Desktop\开发项目集\（8）Realtek8710BX\RTL8710BX\RTK8710BX\project\realtek_amebaz_va0_example\EWARM-RELEASE\Debug\Obj\pkcs12.o
#        C:\Users\wyc\Desktop\开发项目集\（8）Realtek8710BX\RTL8710BX\RTK8710BX\project\realtek_amebaz_va0_example\EWARM-RELEASE\Debug\Obj\pkcs5.o
#        C:\Users\wyc\Desktop\开发项目集\（8）Realtek8710BX\RTL8710BX\RTK8710BX\project\realtek_amebaz_va0_example\EWARM-RELEASE\Debug\Obj\pkparse.o
#        C:\Users\wyc\Desktop\开发项目集\（8）Realtek8710BX\RTL8710BX\RTK8710BX\project\realtek_amebaz_va0_example\EWARM-RELEASE\Debug\Obj\pkwrite.o
#        C:\Users\wyc\Desktop\开发项目集\（8）Realtek8710BX\RTL8710BX\RTK8710BX\project\realtek_amebaz_va0_example\EWARM-RELEASE\Debug\Obj\platform.o
#        C:\Users\wyc\Desktop\开发项目集\（8）Realtek8710BX\RTL8710BX\RTK8710BX\project\realtek_amebaz_va0_example\EWARM-RELEASE\Debug\Obj\port.o
#        C:\Users\wyc\Desktop\开发项目集\（8）Realtek8710BX\RTL8710BX\RTK8710BX\project\realtek_amebaz_va0_example\EWARM-RELEASE\Debug\Obj\port_api.o
#        C:\Users\wyc\Desktop\开发项目集\（8）Realtek8710BX\RTL8710BX\RTK8710BX\project\realtek_amebaz_va0_example\EWARM-RELEASE\Debug\Obj\portasm.o
#        C:\Users\wyc\Desktop\开发项目集\（8）Realtek8710BX\RTL8710BX\RTK8710BX\component\common\application\airkiss\prefix_libwxcloud.a
#        C:\Users\wyc\Desktop\开发项目集\（8）Realtek8710BX\RTL8710BX\RTK8710BX\project\realtek_amebaz_va0_example\EWARM-RELEASE\Debug\Obj\prop_mgr.o
#        C:\Users\wyc\Desktop\开发项目集\（8）Realtek8710BX\RTL8710BX\RTK8710BX\project\realtek_amebaz_va0_example\EWARM-RELEASE\Debug\Obj\prop_page.o
#        C:\Users\wyc\Desktop\开发项目集\（8）Realtek8710BX\RTL8710BX\RTK8710BX\project\realtek_amebaz_va0_example\EWARM-RELEASE\Debug\Obj\pwmout_api.o
#        C:\Users\wyc\Desktop\开发项目集\（8）Realtek8710BX\RTL8710BX\RTK8710BX\project\realtek_amebaz_va0_example\EWARM-RELEASE\Debug\Obj\queue.o
#        C:\Users\wyc\Desktop\开发项目集\（8）Realtek8710BX\RTL8710BX\RTK8710BX\project\realtek_amebaz_va0_example\EWARM-RELEASE\Debug\Obj\raw.o
#        C:\Users\wyc\Desktop\开发项目集\（8）Realtek8710BX\RTL8710BX\RTK8710BX\project\realtek_amebaz_va0_example\EWARM-RELEASE\Debug\Obj\refresh.gif.o
#        C:\Users\wyc\Desktop\开发项目集\（8）Realtek8710BX\RTL8710BX\RTK8710BX\project\realtek_amebaz_va0_example\EWARM-RELEASE\Debug\Obj\regtoken.html.o
#        C:\Users\wyc\Desktop\开发项目集\（8）Realtek8710BX\RTL8710BX\RTK8710BX\project\realtek_amebaz_va0_example\EWARM-RELEASE\Debug\Obj\ripemd160.o
#        C:\Users\wyc\Desktop\开发项目集\（8）Realtek8710BX\RTL8710BX\RTK8710BX\project\realtek_amebaz_va0_example\EWARM-RELEASE\Debug\Obj\rsa.o
#        C:\Users\wyc\Desktop\开发项目集\（8）Realtek8710BX\RTL8710BX\RTK8710BX\project\realtek_amebaz_va0_example\EWARM-RELEASE\Debug\Obj\rtc_api.o
#        C:\Users\wyc\Desktop\开发项目集\（8）Realtek8710BX\RTL8710BX\RTK8710BX\project\realtek_amebaz_va0_example\EWARM-RELEASE\Debug\Obj\rtl8710b_dsleepcfg.o
#        C:\Users\wyc\Desktop\开发项目集\（8）Realtek8710BX\RTL8710BX\RTK8710BX\project\realtek_amebaz_va0_example\EWARM-RELEASE\Debug\Obj\rtl8710b_dstandbycfg.o
#        C:\Users\wyc\Desktop\开发项目集\（8）Realtek8710BX\RTL8710BX\RTK8710BX\project\realtek_amebaz_va0_example\EWARM-RELEASE\Debug\Obj\rtl8710b_intfcfg.o
#        C:\Users\wyc\Desktop\开发项目集\（8）Realtek8710BX\RTL8710BX\RTK8710BX\project\realtek_amebaz_va0_example\EWARM-RELEASE\Debug\Obj\rtl8710b_ota.o
#        C:\Users\wyc\Desktop\开发项目集\（8）Realtek8710BX\RTL8710BX\RTK8710BX\project\realtek_amebaz_va0_example\EWARM-RELEASE\Debug\Obj\rtl8710b_pinmapcfg.o
#        C:\Users\wyc\Desktop\开发项目集\（8）Realtek8710BX\RTL8710BX\RTK8710BX\project\realtek_amebaz_va0_example\EWARM-RELEASE\Debug\Obj\rtl8710b_sleepcfg.o
#        C:\Users\wyc\Desktop\开发项目集\（8）Realtek8710BX\RTL8710BX\RTK8710BX\project\realtek_amebaz_va0_example\EWARM-RELEASE\Debug\Obj\rtl_consol.o
#        C:\Users\wyc\Desktop\开发项目集\（8）Realtek8710BX\RTL8710BX\RTK8710BX\project\realtek_amebaz_va0_example\EWARM-RELEASE\Debug\Obj\rtl_trace.o
#        C:\Users\wyc\Desktop\开发项目集\（8）Realtek8710BX\RTL8710BX\RTK8710BX\project\realtek_amebaz_va0_example\EWARM-RELEASE\Debug\Obj\sched.o
#        C:\Users\wyc\Desktop\开发项目集\（8）Realtek8710BX\RTL8710BX\RTK8710BX\project\realtek_amebaz_va0_example\EWARM-RELEASE\Debug\Obj\sched_conf.o
#        C:\Users\wyc\Desktop\开发项目集\（8）Realtek8710BX\RTL8710BX\RTK8710BX\project\realtek_amebaz_va0_example\EWARM-RELEASE\Debug\Obj\schedeval.o
#        C:\Users\wyc\Desktop\开发项目集\（8）Realtek8710BX\RTL8710BX\RTK8710BX\project\realtek_amebaz_va0_example\EWARM-RELEASE\Debug\Obj\serial_api.o
#        C:\Users\wyc\Desktop\开发项目集\（8）Realtek8710BX\RTL8710BX\RTK8710BX\project\realtek_amebaz_va0_example\EWARM-RELEASE\Debug\Obj\server.o
#        C:\Users\wyc\Desktop\开发项目集\（8）Realtek8710BX\RTL8710BX\RTK8710BX\project\realtek_amebaz_va0_example\EWARM-RELEASE\Debug\Obj\server_mem.o
#        C:\Users\wyc\Desktop\开发项目集\（8）Realtek8710BX\RTL8710BX\RTK8710BX\project\realtek_amebaz_va0_example\EWARM-RELEASE\Debug\Obj\server_req.o
#        C:\Users\wyc\Desktop\开发项目集\（8）Realtek8710BX\RTL8710BX\RTK8710BX\project\realtek_amebaz_va0_example\EWARM-RELEASE\Debug\Obj\sha1.o
#        C:\Users\wyc\Desktop\开发项目集\（8）Realtek8710BX\RTL8710BX\RTK8710BX\project\realtek_amebaz_va0_example\EWARM-RELEASE\Debug\Obj\sha256.o
#        C:\Users\wyc\Desktop\开发项目集\（8）Realtek8710BX\RTL8710BX\RTK8710BX\project\realtek_amebaz_va0_example\EWARM-RELEASE\Debug\Obj\sha512.o
#        C:\Users\wyc\Desktop\开发项目集\（8）Realtek8710BX\RTL8710BX\RTK8710BX\project\realtek_amebaz_va0_example\EWARM-RELEASE\Debug\Obj\shtc1.o
#        C:\Users\wyc\Desktop\开发项目集\（8）Realtek8710BX\RTL8710BX\RTK8710BX\project\realtek_amebaz_va0_example\EWARM-RELEASE\Debug\Obj\sleep.o
#        C:\Users\wyc\Desktop\开发项目集\（8）Realtek8710BX\RTL8710BX\RTK8710BX\project\realtek_amebaz_va0_example\EWARM-RELEASE\Debug\Obj\sn_coap_ameba_port.o
#        C:\Users\wyc\Desktop\开发项目集\（8）Realtek8710BX\RTL8710BX\RTK8710BX\project\realtek_amebaz_va0_example\EWARM-RELEASE\Debug\Obj\sn_coap_builder.o
#        C:\Users\wyc\Desktop\开发项目集\（8）Realtek8710BX\RTL8710BX\RTK8710BX\project\realtek_amebaz_va0_example\EWARM-RELEASE\Debug\Obj\sn_coap_header_check.o
#        C:\Users\wyc\Desktop\开发项目集\（8）Realtek8710BX\RTL8710BX\RTK8710BX\project\realtek_amebaz_va0_example\EWARM-RELEASE\Debug\Obj\sn_coap_parser.o
#        C:\Users\wyc\Desktop\开发项目集\（8）Realtek8710BX\RTL8710BX\RTK8710BX\project\realtek_amebaz_va0_example\EWARM-RELEASE\Debug\Obj\sn_coap_protocol.o
#        C:\Users\wyc\Desktop\开发项目集\（8）Realtek8710BX\RTL8710BX\RTK8710BX\project\realtek_amebaz_va0_example\EWARM-RELEASE\Debug\Obj\sockets.o
#        C:\Users\wyc\Desktop\开发项目集\（8）Realtek8710BX\RTL8710BX\RTK8710BX\project\realtek_amebaz_va0_example\EWARM-RELEASE\Debug\Obj\spi_api.o
#        C:\Users\wyc\Desktop\开发项目集\（8）Realtek8710BX\RTL8710BX\RTK8710BX\project\realtek_amebaz_va0_example\EWARM-RELEASE\Debug\Obj\sprop.o
#        C:\Users\wyc\Desktop\开发项目集\（8）Realtek8710BX\RTL8710BX\RTK8710BX\project\realtek_amebaz_va0_example\EWARM-RELEASE\Debug\Obj\ssl.o
#        C:\Users\wyc\Desktop\开发项目集\（8）Realtek8710BX\RTL8710BX\RTK8710BX\project\realtek_amebaz_va0_example\EWARM-RELEASE\Debug\Obj\ssl_cache.o
#        C:\Users\wyc\Desktop\开发项目集\（8）Realtek8710BX\RTL8710BX\RTK8710BX\project\realtek_amebaz_va0_example\EWARM-RELEASE\Debug\Obj\ssl_ciphersuites.o
#        C:\Users\wyc\Desktop\开发项目集\（8）Realtek8710BX\RTL8710BX\RTK8710BX\project\realtek_amebaz_va0_example\EWARM-RELEASE\Debug\Obj\ssl_cli.o
#        C:\Users\wyc\Desktop\开发项目集\（8）Realtek8710BX\RTL8710BX\RTK8710BX\project\realtek_amebaz_va0_example\EWARM-RELEASE\Debug\Obj\ssl_client.o
#        C:\Users\wyc\Desktop\开发项目集\（8）Realtek8710BX\RTL8710BX\RTK8710BX\project\realtek_amebaz_va0_example\EWARM-RELEASE\Debug\Obj\ssl_cookie.o
#        C:\Users\wyc\Desktop\开发项目集\（8）Realtek8710BX\RTL8710BX\RTK8710BX\project\realtek_amebaz_va0_example\EWARM-RELEASE\Debug\Obj\ssl_ram_map.o
#        C:\Users\wyc\Desktop\开发项目集\（8）Realtek8710BX\RTL8710BX\RTK8710BX\project\realtek_amebaz_va0_example\EWARM-RELEASE\Debug\Obj\ssl_srv.o
#        C:\Users\wyc\Desktop\开发项目集\（8）Realtek8710BX\RTL8710BX\RTK8710BX\project\realtek_amebaz_va0_example\EWARM-RELEASE\Debug\Obj\ssl_ticket.o
#        C:\Users\wyc\Desktop\开发项目集\（8）Realtek8710BX\RTL8710BX\RTK8710BX\project\realtek_amebaz_va0_example\EWARM-RELEASE\Debug\Obj\ssl_tls.o
#        C:\Users\wyc\Desktop\开发项目集\（8）Realtek8710BX\RTL8710BX\RTK8710BX\project\realtek_amebaz_va0_example\EWARM-RELEASE\Debug\Obj\startup.o
#        C:\Users\wyc\Desktop\开发项目集\（8）Realtek8710BX\RTL8710BX\RTK8710BX\project\realtek_amebaz_va0_example\EWARM-RELEASE\Debug\Obj\stats.o
#        C:\Users\wyc\Desktop\开发项目集\（8）Realtek8710BX\RTL8710BX\RTK8710BX\project\realtek_amebaz_va0_example\EWARM-RELEASE\Debug\Obj\stubs.o
#        C:\Users\wyc\Desktop\开发项目集\（8）Realtek8710BX\RTL8710BX\RTK8710BX\project\realtek_amebaz_va0_example\EWARM-RELEASE\Debug\Obj\sys.o
#        C:\Users\wyc\Desktop\开发项目集\（8）Realtek8710BX\RTL8710BX\RTK8710BX\project\realtek_amebaz_va0_example\EWARM-RELEASE\Debug\Obj\sys_api.o
#        C:\Users\wyc\Desktop\开发项目集\（8）Realtek8710BX\RTL8710BX\RTK8710BX\project\realtek_amebaz_va0_example\EWARM-RELEASE\Debug\Obj\sys_arch.o
#        C:\Users\wyc\Desktop\开发项目集\（8）Realtek8710BX\RTL8710BX\RTK8710BX\project\realtek_amebaz_va0_example\EWARM-RELEASE\Debug\Obj\sys_conf.o
#        C:\Users\wyc\Desktop\开发项目集\（8）Realtek8710BX\RTL8710BX\RTK8710BX\project\realtek_amebaz_va0_example\EWARM-RELEASE\Debug\Obj\tasks.o
#        C:\Users\wyc\Desktop\开发项目集\（8）Realtek8710BX\RTL8710BX\RTK8710BX\project\realtek_amebaz_va0_example\EWARM-RELEASE\Debug\Obj\tcp.o
#        C:\Users\wyc\Desktop\开发项目集\（8）Realtek8710BX\RTL8710BX\RTK8710BX\project\realtek_amebaz_va0_example\EWARM-RELEASE\Debug\Obj\tcp_in.o
#        C:\Users\wyc\Desktop\开发项目集\（8）Realtek8710BX\RTL8710BX\RTK8710BX\project\realtek_amebaz_va0_example\EWARM-RELEASE\Debug\Obj\tcp_out.o
#        C:\Users\wyc\Desktop\开发项目集\（8）Realtek8710BX\RTL8710BX\RTK8710BX\project\realtek_amebaz_va0_example\EWARM-RELEASE\Debug\Obj\tcpip.o
#        C:\Users\wyc\Desktop\开发项目集\（8）Realtek8710BX\RTL8710BX\RTK8710BX\project\realtek_amebaz_va0_example\EWARM-RELEASE\Debug\Obj\tcptest.o
#        C:\Users\wyc\Desktop\开发项目集\（8）Realtek8710BX\RTL8710BX\RTK8710BX\project\realtek_amebaz_va0_example\EWARM-RELEASE\Debug\Obj\threading.o
#        C:\Users\wyc\Desktop\开发项目集\（8）Realtek8710BX\RTL8710BX\RTK8710BX\project\realtek_amebaz_va0_example\EWARM-RELEASE\Debug\Obj\timer.o
#        C:\Users\wyc\Desktop\开发项目集\（8）Realtek8710BX\RTL8710BX\RTK8710BX\project\realtek_amebaz_va0_example\EWARM-RELEASE\Debug\Obj\timer_api.o
#        C:\Users\wyc\Desktop\开发项目集\（8）Realtek8710BX\RTL8710BX\RTK8710BX\project\realtek_amebaz_va0_example\EWARM-RELEASE\Debug\Obj\timers.o
#        C:\Users\wyc\Desktop\开发项目集\（8）Realtek8710BX\RTL8710BX\RTK8710BX\project\realtek_amebaz_va0_example\EWARM-RELEASE\Debug\Obj\timing.o
#        C:\Users\wyc\Desktop\开发项目集\（8）Realtek8710BX\RTL8710BX\RTK8710BX\project\realtek_amebaz_va0_example\EWARM-RELEASE\Debug\Obj\uart_fw_update.o
#        C:\Users\wyc\Desktop\开发项目集\（8）Realtek8710BX\RTL8710BX\RTK8710BX\project\realtek_amebaz_va0_example\EWARM-RELEASE\Debug\Obj\uart_socket.o
#        C:\Users\wyc\Desktop\开发项目集\（8）Realtek8710BX\RTL8710BX\RTK8710BX\project\realtek_amebaz_va0_example\EWARM-RELEASE\Debug\Obj\udp.o
#        C:\Users\wyc\Desktop\开发项目集\（8）Realtek8710BX\RTL8710BX\RTK8710BX\project\realtek_amebaz_va0_example\EWARM-RELEASE\Debug\Obj\uri_arg_allowed_map.o
#        C:\Users\wyc\Desktop\开发项目集\（8）Realtek8710BX\RTL8710BX\RTK8710BX\project\realtek_amebaz_va0_example\EWARM-RELEASE\Debug\Obj\uri_decode.o
#        C:\Users\wyc\Desktop\开发项目集\（8）Realtek8710BX\RTL8710BX\RTK8710BX\project\realtek_amebaz_va0_example\EWARM-RELEASE\Debug\Obj\uri_encode.o
#        C:\Users\wyc\Desktop\开发项目集\（8）Realtek8710BX\RTL8710BX\RTK8710BX\project\realtek_amebaz_va0_example\EWARM-RELEASE\Debug\Obj\us_ticker.o
#        C:\Users\wyc\Desktop\开发项目集\（8）Realtek8710BX\RTL8710BX\RTK8710BX\project\realtek_amebaz_va0_example\EWARM-RELEASE\Debug\Obj\us_ticker_api.o
#        C:\Users\wyc\Desktop\开发项目集\（8）Realtek8710BX\RTL8710BX\RTK8710BX\project\realtek_amebaz_va0_example\EWARM-RELEASE\Debug\Obj\utf8.o
#        C:\Users\wyc\Desktop\开发项目集\（8）Realtek8710BX\RTL8710BX\RTK8710BX\project\realtek_amebaz_va0_example\EWARM-RELEASE\Debug\Obj\version.o
#        C:\Users\wyc\Desktop\开发项目集\（8）Realtek8710BX\RTL8710BX\RTK8710BX\project\realtek_amebaz_va0_example\EWARM-RELEASE\Debug\Obj\version_features.o
#        C:\Users\wyc\Desktop\开发项目集\（8）Realtek8710BX\RTL8710BX\RTK8710BX\project\realtek_amebaz_va0_example\EWARM-RELEASE\Debug\Obj\wait_api.o
#        C:\Users\wyc\Desktop\开发项目集\（8）Realtek8710BX\RTL8710BX\RTK8710BX\project\realtek_amebaz_va0_example\EWARM-RELEASE\Debug\Obj\wdt_api.o
#        C:\Users\wyc\Desktop\开发项目集\（8）Realtek8710BX\RTL8710BX\RTK8710BX\project\realtek_amebaz_va0_example\EWARM-RELEASE\Debug\Obj\webserver.o
#        C:\Users\wyc\Desktop\开发项目集\（8）Realtek8710BX\RTL8710BX\RTK8710BX\project\realtek_amebaz_va0_example\EWARM-RELEASE\Debug\Obj\wifi.html.o
#        C:\Users\wyc\Desktop\开发项目集\（8）Realtek8710BX\RTL8710BX\RTK8710BX\project\realtek_amebaz_va0_example\EWARM-RELEASE\Debug\Obj\wifi.js.o
#        C:\Users\wyc\Desktop\开发项目集\（8）Realtek8710BX\RTL8710BX\RTK8710BX\project\realtek_amebaz_va0_example\EWARM-RELEASE\Debug\Obj\wifi.o
#        C:\Users\wyc\Desktop\开发项目集\（8）Realtek8710BX\RTL8710BX\RTK8710BX\project\realtek_amebaz_va0_example\EWARM-RELEASE\Debug\Obj\wifi_airkiss.o
#        C:\Users\wyc\Desktop\开发项目集\（8）Realtek8710BX\RTL8710BX\RTK8710BX\project\realtek_amebaz_va0_example\EWARM-RELEASE\Debug\Obj\wifi_ameba.o
#        C:\Users\wyc\Desktop\开发项目集\（8）Realtek8710BX\RTL8710BX\RTK8710BX\project\realtek_amebaz_va0_example\EWARM-RELEASE\Debug\Obj\wifi_ameba_drv.o
#        C:\Users\wyc\Desktop\开发项目集\（8）Realtek8710BX\RTL8710BX\RTK8710BX\project\realtek_amebaz_va0_example\EWARM-RELEASE\Debug\Obj\wifi_conf.o
#        C:\Users\wyc\Desktop\开发项目集\（8）Realtek8710BX\RTL8710BX\RTK8710BX\project\realtek_amebaz_va0_example\EWARM-RELEASE\Debug\Obj\wifi_eap_config.o
#        C:\Users\wyc\Desktop\开发项目集\（8）Realtek8710BX\RTL8710BX\RTK8710BX\project\realtek_amebaz_va0_example\EWARM-RELEASE\Debug\Obj\wifi_ind.o
#        C:\Users\wyc\Desktop\开发项目集\（8）Realtek8710BX\RTL8710BX\RTK8710BX\project\realtek_amebaz_va0_example\EWARM-RELEASE\Debug\Obj\wifi_p2p_config.o
#        C:\Users\wyc\Desktop\开发项目集\（8）Realtek8710BX\RTL8710BX\RTK8710BX\project\realtek_amebaz_va0_example\EWARM-RELEASE\Debug\Obj\wifi_page.o
#        C:\Users\wyc\Desktop\开发项目集\（8）Realtek8710BX\RTL8710BX\RTK8710BX\project\realtek_amebaz_va0_example\EWARM-RELEASE\Debug\Obj\wifi_promisc.o
#        C:\Users\wyc\Desktop\开发项目集\（8）Realtek8710BX\RTL8710BX\RTK8710BX\project\realtek_amebaz_va0_example\EWARM-RELEASE\Debug\Obj\wifi_simple_config.o
#        C:\Users\wyc\Desktop\开发项目集\（8）Realtek8710BX\RTL8710BX\RTK8710BX\project\realtek_amebaz_va0_example\EWARM-RELEASE\Debug\Obj\wifi_util.o
#        C:\Users\wyc\Desktop\开发项目集\（8）Realtek8710BX\RTL8710BX\RTK8710BX\project\realtek_amebaz_va0_example\EWARM-RELEASE\Debug\Obj\wifi_wps_config.o
#        C:\Users\wyc\Desktop\开发项目集\（8）Realtek8710BX\RTL8710BX\RTK8710BX\project\realtek_amebaz_va0_example\EWARM-RELEASE\Debug\Obj\wigadget.o
#        C:\Users\wyc\Desktop\开发项目集\（8）Realtek8710BX\RTL8710BX\RTK8710BX\project\realtek_amebaz_va0_example\EWARM-RELEASE\Debug\Obj\wlan_network.o
#        C:\Users\wyc\Desktop\开发项目集\（8）Realtek8710BX\RTL8710BX\RTK8710BX\project\realtek_amebaz_va0_example\EWARM-RELEASE\Debug\Obj\wsclient_tls.o
#        C:\Users\wyc\Desktop\开发项目集\（8）Realtek8710BX\RTL8710BX\RTK8710BX\project\realtek_amebaz_va0_example\EWARM-RELEASE\Debug\Obj\x509.o
#        C:\Users\wyc\Desktop\开发项目集\（8）Realtek8710BX\RTL8710BX\RTK8710BX\project\realtek_amebaz_va0_example\EWARM-RELEASE\Debug\Obj\x509_create.o
#        C:\Users\wyc\Desktop\开发项目集\（8）Realtek8710BX\RTL8710BX\RTK8710BX\project\realtek_amebaz_va0_example\EWARM-RELEASE\Debug\Obj\x509_crl.o
#        C:\Users\wyc\Desktop\开发项目集\（8）Realtek8710BX\RTL8710BX\RTK8710BX\project\realtek_amebaz_va0_example\EWARM-RELEASE\Debug\Obj\x509_crt.o
#        C:\Users\wyc\Desktop\开发项目集\（8）Realtek8710BX\RTL8710BX\RTK8710BX\project\realtek_amebaz_va0_example\EWARM-RELEASE\Debug\Obj\x509_csr.o
#        C:\Users\wyc\Desktop\开发项目集\（8）Realtek8710BX\RTL8710BX\RTK8710BX\project\realtek_amebaz_va0_example\EWARM-RELEASE\Debug\Obj\x509write_crt.o
#        C:\Users\wyc\Desktop\开发项目集\（8）Realtek8710BX\RTL8710BX\RTK8710BX\project\realtek_amebaz_va0_example\EWARM-RELEASE\Debug\Obj\x509write_csr.o
#        C:\Users\wyc\Desktop\开发项目集\（8）Realtek8710BX\RTL8710BX\RTK8710BX\project\realtek_amebaz_va0_example\EWARM-RELEASE\Debug\Obj\xml.o
#        C:\Users\wyc\Desktop\开发项目集\（8）Realtek8710BX\RTL8710BX\RTK8710BX\project\realtek_amebaz_va0_example\EWARM-RELEASE\Debug\Obj\xml_decode.o
#        C:\Users\wyc\Desktop\开发项目集\（8）Realtek8710BX\RTL8710BX\RTK8710BX\project\realtek_amebaz_va0_example\EWARM-RELEASE\Debug\Obj\xml_encode.o
#        C:\Users\wyc\Desktop\开发项目集\（8）Realtek8710BX\RTL8710BX\RTK8710BX\project\realtek_amebaz_va0_example\EWARM-RELEASE\Debug\Obj\xtea.o
#        -o
#        C:\Users\wyc\Desktop\开发项目集\（8）Realtek8710BX\RTL8710BX\RTK8710BX\project\realtek_amebaz_va0_example\EWARM-RELEASE\Debug\Exe\application.axf
#        --redirect _Printf=_PrintfFullNoMb --redirect _Scanf=_ScanfSmallNoMb
#        --keep bootloader
#        --image_input=C:\Users\wyc\Desktop\开发项目集\（8）Realtek8710BX\RTL8710BX\RTK8710BX\project\realtek_amebaz_va0_example\EWARM-RELEASE\..\..\..\component\soc\realtek\8711b\misc\bsp\image\boot_all.bin,bootloader,LOADER,4
#        --map
#        C:\Users\wyc\Desktop\开发项目集\（8）Realtek8710BX\RTL8710BX\RTK8710BX\project\realtek_amebaz_va0_example\EWARM-RELEASE\Debug\List\application.map
#        --log veneers --log_file
#        C:\Users\wyc\Desktop\开发项目集\（8）Realtek8710BX\RTL8710BX\RTK8710BX\project\realtek_amebaz_va0_example\EWARM-RELEASE\Debug\List\application.log
#        --config
#        C:\Users\wyc\Desktop\开发项目集\（8）Realtek8710BX\RTL8710BX\RTK8710BX\project\realtek_amebaz_va0_example\EWARM-RELEASE\image2.icf
#        --diag_suppress Lp005,Lp006 --entry Reset_Handler --no_exceptions
#        --no_vfe --text_out locale)
#
###############################################################################

*******************************************************************************
*** MESSAGES
***

Warning[Lt009]: Inconsistent wchar_t size
            ram_libc.o(lib_rtlstd.a) and 97 other objects in 97 different
                      libraries have wchar_t size 16 bits
            ada_conf.o and 488 other objects, some of them in rt7M_tl.a and 133
                      other libraries have wchar_t size 32 bits
Warning[Lt010]: Inconsistent enum container size
            ada_conf.o and 77 other objects uses smallest possible
            airkiss.o and 146 other objects, some of them in lib_wlan.a and 12
                      other libraries uses word size


*******************************************************************************
*** RUNTIME MODEL ATTRIBUTES
***

CppFlavor                     = *
__CPP_Exceptions              = *
__CPP_Language                = C++14
__Heap_Handler                = DLMalloc
__SystemLibrary               = DLib
__dlib_dynamic_initialization = normal
__dlib_version                = 6


*******************************************************************************
*** HEAP SELECTION
***

The advanced heap was selected because the application calls memory
allocation functions outside of system library functions, and there
are calls to deallocation functions in the application.


*******************************************************************************
*** PLACEMENT SUMMARY
***

define block .ram_image2.entry
   with fixed order {
      section .image2.entry.data*, section .image2.validate.rodata* };
define block SHT$$PREINIT_ARRAY { preinit_array };
define block __iar_tls$$INIT_ARRAY { init_array };
define block SHT$$INIT_ARRAY { block __iar_tls$$INIT_ARRAY };
define block CPP_INIT
   with fixed order { block SHT$$PREINIT_ARRAY, block SHT$$INIT_ARRAY };
define block .ram.data
   with fixed order {
      section .data*, section DATA, section .iar.init_table,
      section __DLIB_PERTHREAD, block CPP_INIT, section .mdns.data,
      section .mdns.text };
define block SSL_DATA with fixed order { section .ssl.data* };
define block AYLA_DATA with fixed order { section .ayla.data* };
define block .ram.text with fixed order { section .image2.ram.text* };
define block IMAGE2
   with fixed order {
      block .ram_image2.entry, block .ram.data, block SSL_DATA,
      block AYLA_DATA, block .ram.text };
define block .ram_image2.bss with fixed order { section .bss*, section COMMON };
define block AYLA_BSS with fixed order { section .ayla.bss* };
define block SSL_BSS with fixed order { section .ssl.bss* };
define block .ram_image2.skb.bss with fixed order { section .bdsram.data* };
define block .ram_heap.data with fixed order { section .bfsram.data* };
"A3":  place at start of [from 0x10005000 to 0x1003dfff] {
          rw, block IMAGE2, block .ram_image2.bss, block AYLA_BSS,
          block SSL_BSS, block .ram_image2.skb.bss, block .ram_heap.data,
          section .heap.stdlib };
define block Bootloader with fixed order { section LOADER };
define block .xip_image1.text with fixed order { section .flashboot.text* };
"A4":  place at start of [from 0x08000020 to 0x08003fff] {
          block Bootloader, rw, block .xip_image1.text };
define block .xip_image2.text
   with fixed order {
      section .img2_custom_signature*, section .text*, section .rodata*,
      section .debug_trace, section CODE, section Veneer };
"A5":  place at start of [from 0x0800b020 to 0x080fffff] {
          rw, block .xip_image2.text };
keep { section .image2.entry.data* };
keep { section .image2.validate.rodata* };

No sections matched the following patterns:

  init_array                        in block __iar_tls$$INIT_ARRAY
  preinit_array                     in block SHT$$PREINIT_ARRAY
  section .boot.ram.bss*            in block .ram_image1.bss
  section .boot.ram.data*           in block .ram_image1.data
  section .boot.ram.text*           in block .ram_image1.text
  section .boot.rodata*             in block .ram_image1.text
  section .debug_trace              in block .xip_image2.text
  section .flashboot.text*          in block .xip_image1.text
  section .hal.rom.bss*             in block .hal.rom.bss
  section .iar.init_table           in block .ram.data
  section .image1.entry.data*       in block .ram_image1.entry
  section .image1.validate.rodata*  in block .ram_image1.entry
  section .libc.ram.bss*            in block .hal.rom.bss
  section .ram_vector_table1        in block .hal.rom.bss
  section .ram_vector_table2        in block .hal.rom.bss
  section .ram_vector_table3        in block .hal.rom.bss
  section .rdp.ram.data*            in block .RDP_RAM
  section .rdp.ram.text*            in block .RDP_RAM
  section .rom.rodata               in "A0"
  section .rom.text                 in "A0"
  section .ssl_ram_map*             in block .hal.rom.bss
  section .wlan_ram_map*            in block .hal.rom.bss
  section COMMON                    in block .ram_image2.bss
  section DATA                      in block .ram.data
  section Veneer                    in block .xip_image2.text
  section __DLIB_PERTHREAD          in block .ram.data


  Section                 Kind        Address     Size  Object
  -------                 ----        -------     ----  ------
"A4":                                           0x1110
  Bootloader                       0x08000020   0x1110  <Block>
    LOADER                const    0x08000020   0x1110  boot_all.bin [1]
                                 - 0x08001130   0x1110

"A5":                                          0x80310
  .xip_image2.text                 0x0800b020  0x80310  <Block>
    .img2_custom_signature
                          const    0x0800b020     0x20  rtl8710b_ota.o [2]
    Veneer                ro code  0x0800b040      0x8  - Linker created -
    Veneer                ro code  0x0800b048      0x8  - Linker created -
    .text                 ro code  0x0800b050    0xfb8  sha512.o [2]
    .text                 ro code  0x0800c008     0xa6  ABImemcpy.o [16]
    .text                 ro code  0x0800c0ae     0x1e  xsscin.o [4]
    Veneer                ro code  0x0800c0cc      0x8  - Linker created -
    Veneer                ro code  0x0800c0d4      0x8  - Linker created -
    Veneer                ro code  0x0800c0dc      0x8  - Linker created -
    .text                 ro code  0x0800c0e4    0x5a0  ada_conf.o [2]
    Veneer                ro code  0x0800c684      0x8  - Linker created -
    Veneer                ro code  0x0800c68c      0x8  - Linker created -
    Veneer                ro code  0x0800c694      0x8  - Linker created -
    Veneer                ro code  0x0800c69c      0x8  - Linker created -
    Veneer                ro code  0x0800c6a4      0x8  - Linker created -
    Veneer                ro code  0x0800c6ac      0x8  - Linker created -
    Veneer                ro code  0x0800c6b4      0x8  - Linker created -
    Veneer                ro code  0x0800c6bc      0x8  - Linker created -
    Veneer                ro code  0x0800c6c4      0x8  - Linker created -
    Veneer                ro code  0x0800c6cc      0x8  - Linker created -
    .text                 ro code  0x0800c6d4   0x2794  conf.o [2]
    .text                 ro code  0x0800ee68    0x17c  conf_table.o [2]
    .text                 ro code  0x0800efe4    0x1f8  stubs.o [2]
    .text                 ro code  0x0800f1dc    0x3e4  Ayla_demo_conf.o [2]
    .text                 ro code  0x0800f5c0    0xa80  net_realtek.o [2]
    Veneer                ro code  0x08010040      0x8  - Linker created -
    Veneer                ro code  0x08010048      0x8  - Linker created -
    Veneer                ro code  0x08010050      0x8  - Linker created -
    Veneer                ro code  0x08010058      0x8  - Linker created -
    Veneer                ro code  0x08010060      0x8  - Linker created -
    Veneer                ro code  0x08010068      0x8  - Linker created -
    Veneer                ro code  0x08010070      0x8  - Linker created -
    Veneer                ro code  0x08010078      0x8  - Linker created -
    .text                 ro code  0x08010080    0x1a4  ram_libc.o [9]
    .text                 ro code  0x08010224    0x68c  prop_mgr.o [2]
    .text                 ro code  0x080108b0    0x47c  sys_conf.o [2]
    .text                 ro code  0x08010d2c    0x374  log.o [2]
    .text                 ro code  0x080110a0    0x6c8  conf_flash.o [2]
    .text                 ro code  0x08011768    0x1ae  utf8.o [2]
    .text                 ro code  0x08011916     0x1a  xsnprout.o [4]
    .text                 ro code  0x08011930     0x40  crc8.o [2]
    .text                 ro code  0x08011970    0x1c8  heap_5.o [2]
    Veneer                ro code  0x08011b38      0x8  - Linker created -
    Veneer                ro code  0x08011b40      0x8  - Linker created -
    Veneer                ro code  0x08011b48      0x8  - Linker created -
    Veneer                ro code  0x08011b50      0x8  - Linker created -
    .text                 ro code  0x08011b58    0x2bc  flash_api.o [2]
    .text                 ro code  0x08011e14      0x6  ABImemclr4.o [16]
    Veneer                ro code  0x08011e1c      0x8  - Linker created -
    .text                 ro code  0x08011e24    0x718  server_req.o [2]
    .text                 ro code  0x0801253c    0x918  tasks.o [2]
    Veneer                ro code  0x08012e54      0x8  - Linker created -
    Veneer                ro code  0x08012e5c      0x8  - Linker created -
    Veneer                ro code  0x08012e64      0x8  - Linker created -
    Veneer                ro code  0x08012e6c      0x8  - Linker created -
    .text                 ro code  0x08012e74    0x18c  sys_api.o [2]
    .text                 ro code  0x08013000    0x564  osdep_service.o [2]
    .text                 ro code  0x08013564    0x3fc  lwip_netconf.o [2]
    .text                 ro code  0x08013960   0x146c  adw_wifi_conf.o [2]
    .text                 ro code  0x08014dcc     0xc0  Ayla_demo_sched.o [2]
    Veneer                ro code  0x08014e8c      0x8  - Linker created -
    .text                 ro code  0x08014e94   0x1984  wifi.o [2]
    .text                 ro code  0x08016818    0x568  Ayla_demo_common.o [2]
    .text                 ro code  0x08016d80     0x72  parse_argv.o [2]
    .text                 ro code  0x08016df2     0x28  cmd_handle.o [2]
    Veneer                ro code  0x08016e1c      0x8  - Linker created -
    .text                 ro code  0x08016e24    0x47c  log_service.o [2]
    .text                 ro code  0x080172a0     0x1c  ada_lock.o [2]
    .text                 ro code  0x080172bc    0x4b2  queue.o [2]
    .text                 ro code  0x0801776e     0xe6  timer.o [2]
    .text                 ro code  0x08017854   0x103c  sockets.o [2]
    .text                 ro code  0x08018890     0x2c  def.o [2]
    .text                 ro code  0x080188bc    0x704  dns.o [2]
    .text                 ro code  0x08018fc0     0x1c  malloc.o [2]
    Veneer                ro code  0x08018fdc      0x8  - Linker created -
    Veneer                ro code  0x08018fe4      0x8  - Linker created -
    Veneer                ro code  0x08018fec      0x8  - Linker created -
    .text                 ro code  0x08018ff4    0x3b8  client_task.o [2]
    .text                 ro code  0x080193ac    0x1f8  net_mbuf.o [2]
    Veneer                ro code  0x080195a4      0x8  - Linker created -
    .text                 ro code  0x080195ac    0x104  ram_libgloss_retarget.o [9]
    Veneer                ro code  0x080196b0      0x8  - Linker created -
    .text                 ro code  0x080196b8   0x40ac  client.o [2]
    .text                 ro code  0x0801d764    0x938  client_prop.o [2]
    .text                 ro code  0x0801e09c    0x2b0  base64.o [2]
    .text                 ro code  0x0801e34c     0x2c  clock.o [2]
    .text                 ro code  0x0801e378     0xd4  clock_sw.o [2]
    .text                 ro code  0x0801e44c     0x44  snprintf.o [4]
    .text                 ro code  0x0801e490    0x180  clock_fmt.o [2]
    .text                 ro code  0x0801e610     0x14  lookup_by_val.o [2]
    .text                 ro code  0x0801e624     0x3c  vsnprint.o [4]
    .text                 ro code  0x0801e660    0x330  log_cmd.o [2]
    .text                 ro code  0x0801e990     0xa8  device_lock.o [2]
    Veneer                ro code  0x0801ea38      0x8  - Linker created -
    Veneer                ro code  0x0801ea40      0x8  - Linker created -
    Veneer                ro code  0x0801ea48      0x8  - Linker created -
    Veneer                ro code  0x0801ea50      0x8  - Linker created -
    Veneer                ro code  0x0801ea58      0x8  - Linker created -
    Veneer                ro code  0x0801ea60      0x8  - Linker created -
    Veneer                ro code  0x0801ea68      0x8  - Linker created -
    Veneer                ro code  0x0801ea70      0x8  - Linker created -
    Veneer                ro code  0x0801ea78      0x8  - Linker created -
    Veneer                ro code  0x0801ea80      0x8  - Linker created -
    Veneer                ro code  0x0801ea88      0x8  - Linker created -
    Veneer                ro code  0x0801ea90      0x8  - Linker created -
    .text                 ro code  0x0801ea98    0x10c  system_8195a.o [7]
    .text                 ro code  0x0801eba4     0x32  ABImemset48.o [16]
    .text                 ro code  0x0801ebd8    0x888  server.o [2]
    .text                 ro code  0x0801f460     0x9c  uri_decode.o [2]
    .text                 ro code  0x0801f4fc     0x1a  lookup_by_name.o [2]
    .text                 ro code  0x0801f518    0x128  port.o [2]
    .text                 ro code  0x0801f640     0x8e  list.o [2]
    .text                 ro code  0x0801f6d0    0x350  timers.o [2]
    Veneer                ro code  0x0801fa20      0x8  - Linker created -
    Veneer                ro code  0x0801fa28      0x8  - Linker created -
    Veneer                ro code  0x0801fa30      0x8  - Linker created -
    Veneer                ro code  0x0801fa38      0x8  - Linker created -
    .text                 ro code  0x0801fa40    0x5c4  rtl8710b_freertos_pmu.o [7]
    Veneer                ro code  0x08020004      0x8  - Linker created -
    Veneer                ro code  0x0802000c      0x8  - Linker created -
    Veneer                ro code  0x08020014      0x8  - Linker created -
    Veneer                ro code  0x0802001c      0x8  - Linker created -
    Veneer                ro code  0x08020024      0x8  - Linker created -
    Veneer                ro code  0x0802002c      0x8  - Linker created -
    .text                 ro code  0x08020034    0x28c  rtc_api.o [2]
    .text                 ro code  0x080202c0    0x1fc  tcpip.o [2]
    .text                 ro code  0x080204bc    0x1b6  netif.o [2]
    .text                 ro code  0x08020674    0xdb4  dhcp.o [2]
    .text                 ro code  0x08021428     0xb4  wifi_ind.o [2]
    .text                 ro code  0x080214dc    0x2e2  autoip.o [2]
    .text                 ro code  0x080217c0    0x89c  wifi_ameba.o [2]
    .text                 ro code  0x0802205c   0x2448  wifi_page.o [2]
    .text                 ro code  0x080244a4     0xc6  parse_mac.o [2]
    .text                 ro code  0x0802456a     0x68  parse_hex.o [2]
    .text                 ro code  0x080245d4     0xb4  wifi_airkiss.o [2]
    .text                 ro code  0x08024688    0x6e4  sched.o [2]
    .text                 ro code  0x08024d6c    0xa50  httpd_core.o [5]
    .text                 ro code  0x080257bc    0x5a4  clock_utils.o [2]
    Veneer                ro code  0x08025d60      0x8  - Linker created -
    .text                 ro code  0x08025d68    0x76c  Ayla_demo_ledevb.o [2]
    .text                 ro code  0x080264d4    0x168  Ayla_demo_wifi.o [2]
    Veneer                ro code  0x0802663c      0x8  - Linker created -
    .text                 ro code  0x08026644    0x5bc  Ayla_demo_ota.o [2]
    .text                 ro code  0x08026c00     0x4a  strcmp.o [16]
    .text                 ro code  0x08026c4c    0xec0  wifi_util.o [2]
    Veneer                ro code  0x08027b0c      0x8  - Linker created -
    .text                 ro code  0x08027b14   0x1754  atcmd_wifi.o [2]
    .text                 ro code  0x08029268    0x1fa  sys_arch.o [2]
    .text                 ro code  0x08029464    0x4bc  api_lib.o [2]
    .text                 ro code  0x08029920    0x45e  pbuf.o [2]
    .text                 ro code  0x08029d7e     0x72  netbuf.o [2]
    .text                 ro code  0x08029df0    0x3e8  igmp.o [2]
    .text                 ro code  0x0802a1d8    0x1d4  ip_addr.o [2]
    .text                 ro code  0x0802a3ac    0x430  udp.o [2]
    .text                 ro code  0x0802a7dc     0xb0  rand.o [4]
    .text                 ro code  0x0802a88c     0x14  memset.o [16]
    .text                 ro code  0x0802a8a0     0x1c  platform.o [2]
    .text                 ro code  0x0802a8bc   0x11a4  ssl.o [2]
    .text                 ro code  0x0802ba60    0x4cc  log_page.o [2]
    .text                 ro code  0x0802bf2c     0x56  strcasecmp.o [4]
    .text                 ro code  0x0802bf84   0x1494  client_ota.o [2]
    .text                 ro code  0x0802d418    0x8f4  client_conf.o [2]
    .text                 ro code  0x0802dd0c   0x163c  http_client.o [2]
    .text                 ro code  0x0802f348     0x8e  uri_encode.o [2]
    .text                 ro code  0x0802f3d6    0x2f2  jsmn.o [2]
    .text                 ro code  0x0802f6c8    0x188  jsmn_get.o [2]
    .text                 ro code  0x0802f850   0x1738  notify.o [2]
    .text                 ro code  0x08030f88    0x338  client_auth.o [2]
    .text                 ro code  0x080312c0   0x2d4c  lan.o [2]
    .text                 ro code  0x0803400c    0x55c  xml.o [2]
    .text                 ro code  0x08034568    0x180  xml_encode.o [2]
    .text                 ro code  0x080346e8     0x24  ameba_conf.o [2]
    .text                 ro code  0x0803470c     0x54  format_mac.o [2]
    .text                 ro code  0x08034760     0x78  log_io.o [2]
    .text                 ro code  0x080347d8     0x70  ada_err.o [2]
    .text                 ro code  0x08034848    0x22e  I64DivMod.o [16]
    .text                 ro code  0x08034a78    0xe22  xprintffull_nomb.o [4]
    .text                 ro code  0x0803589c    0x174  iar_Stoulx.o [4]
    .text                 ro code  0x08035a10    0xb28  httpd_msg.o [5]
    .text                 ro code  0x08036538    0x24c  httpd_util.o [5]
    .text                 ro code  0x08036784     0x38  port.o [2]
    .text                 ro code  0x080367bc     0x28  printf.o [4]
    Veneer                ro code  0x080367e4      0x8  - Linker created -
    Veneer                ro code  0x080367ec      0x8  - Linker created -
    Veneer                ro code  0x080367f4      0x8  - Linker created -
    Veneer                ro code  0x080367fc      0x8  - Linker created -
    Veneer                ro code  0x08036804      0x8  - Linker created -
    Veneer                ro code  0x0803680c      0x8  - Linker created -
    Veneer                ro code  0x08036814      0x8  - Linker created -
    Veneer                ro code  0x0803681c      0x8  - Linker created -
    Veneer                ro code  0x08036824      0x8  - Linker created -
    Veneer                ro code  0x0803682c      0x8  - Linker created -
    Veneer                ro code  0x08036834      0x8  - Linker created -
    Veneer                ro code  0x0803683c      0x8  - Linker created -
    Veneer                ro code  0x08036844      0x8  - Linker created -
    Veneer                ro code  0x0803684c      0x8  - Linker created -
    Veneer                ro code  0x08036854      0x8  - Linker created -
    Veneer                ro code  0x0803685c      0x8  - Linker created -
    Veneer                ro code  0x08036864      0x8  - Linker created -
    Veneer                ro code  0x0803686c      0x8  - Linker created -
    Veneer                ro code  0x08036874      0x8  - Linker created -
    Veneer                ro code  0x0803687c      0x8  - Linker created -
    Veneer                ro code  0x08036884      0x8  - Linker created -
    Veneer                ro code  0x0803688c      0x8  - Linker created -
    Veneer                ro code  0x08036894      0x8  - Linker created -
    .text                 ro code  0x0803689c    0x694  rtl8710b_psm.o [7]
    .text                 ro code  0x08036f30     0x1a  localtim.o [4]
    .text                 ro code  0x08036f4c     0xcc  mktime.o [4]
    .text                 ro code  0x08037018    0x274  lwip_timers.o [2]
    .text                 ro code  0x0803728c    0x728  etharp.o [2]
    .text                 ro code  0x080379b4    0x360  ip.o [2]
    .text                 ro code  0x08037d14     0xd0  memp.o [2]
    .text                 ro code  0x08037de4     0x2e  init.o [2]
    .text                 ro code  0x08037e14    0xb40  tcp.o [2]
    .text                 ro code  0x08038954     0x1a  U32ToDbl.o [15]
    .text                 ro code  0x08038970    0x1a2  DblMul.o [15]
    .text                 ro code  0x08038b14     0x28  DblToU32.o [15]
    .text                 ro code  0x08038b3c    0x244  mem.o [2]
    .text                 ro code  0x08038d80   0x1726  wifi_conf.o [2]
    .text                 ro code  0x0803a4a8    0x9f6  dhcps.o [2]
    .text                 ro code  0x0803ae9e      0xa  ipaddr_fmt.o [2]
    .text                 ro code  0x0803aea8    0x1d8  json_format_string.o [2]
    .text                 ro code  0x0803b080    0x1b4  iar_Stoullx.o [4]
    .text                 ro code  0x0803b234    0xa94  airkiss.o [2]
    .text                 ro code  0x0803bcc8     0x70  strncpy.o [16]
    .text                 ro code  0x0803bd38     0x3e  endian.o [2]
    .text                 ro code  0x0803bd78    0x140  sched_conf.o [2]
    .text                 ro code  0x0803beb8      0x4  heaptramp0.o [4]
    .text                 ro code  0x0803bebc    0xbe4  schedeval.o [2]
    .text                 ro code  0x0803caa0    0x2d0  httpd_tls.o [2]
    .text                 ro code  0x0803cd70    0x5a8  sprop.o [2]
    .text                 ro code  0x0803d318     0x18  Ayla_demo_ledkey.o [2]
    .text                 ro code  0x0803d330    0x630  dnss.o [2]
    Veneer                ro code  0x0803d960      0x8  - Linker created -
    Veneer                ro code  0x0803d968      0x8  - Linker created -
    .text                 ro code  0x0803d970   0x1058  rtl8710b_ota.o [2]
    .text                 ro code  0x0803e9c8    0xc28  rtk_wlan_if.o [11]
    .text                 ro code  0x0803f5f0     0x28  sscanf.o [4]
    .text                 ro code  0x0803f618    0x3a4  wifi_promisc.o [2]
    .text                 ro code  0x0803f9bc    0x61c  ping_test.o [2]
    .text                 ro code  0x0803ffd8   0x2084  tcptest.o [2]
    .text                 ro code  0x0804205c    0xba8  api_msg.o [2]
    .text                 ro code  0x08042c04    0x16c  inet_chksum.o [2]
    .text                 ro code  0x08042d70    0x182  icmp.o [2]
    .text                 ro code  0x08042ef4     0x66  ABImemset.o [16]
    .text                 ro code  0x08042f5c     0x78  ssl_ram_map.o [2]
    Veneer                ro code  0x08042fd4      0x8  - Linker created -
    .text                 ro code  0x08042fdc   0x1e04  ssl_tls.o [2]
    .text                 ro code  0x08044de0    0x164  net_sockets.o [2]
    .text                 ro code  0x08044f44   0x1750  x509_crt.o [2]
    .text                 ro code  0x08046694     0x54  jsmn_iterate.o [2]
    .text                 ro code  0x080466e8      0xc  tolower.o [4]
    .text                 ro code  0x080466f4    0xbf8  sha256.o [2]
    .text                 ro code  0x080472ec   0x2a06  aes.o [2]
    .text                 ro code  0x08049cf4    0x1f4  pk.o [2]
    .text                 ro code  0x08049ee8    0x16c  pkparse.o [2]
    .text                 ro code  0x0804a054    0xac0  rsa.o [2]
    .text                 ro code  0x0804ab14     0x54  crc16.o [2]
    .text                 ro code  0x0804ab68     0xb0  parse_url.o [2]
    .text                 ro code  0x0804ac18     0x74  crc.o [2]
    .text                 ro code  0x0804ac8c     0xe4  parse_date.o [2]
    .text                 ro code  0x0804ad70    0x34c  http.o [2]
    .text                 ro code  0x0804b0bc     0x36  strlen.o [16]
    .text                 ro code  0x0804b0f4     0x68  memcmp.o [16]
    .text                 ro code  0x0804b15c     0x82  iar_Stolx.o [4]
    .text                 ro code  0x0804b1e0   0x1078  sha1.o [2]
    .text                 ro code  0x0804c258    0x13c  notify_task.o [2]
    .text                 ro code  0x0804c394    0x264  md.o [2]
    .text                 ro code  0x0804c5f8    0x194  xml_decode.o [2]
    .text                 ro code  0x0804c78c     0x24  format_string.o [2]
    .text                 ro code  0x0804c7b0      0x2  I64DivZer.o [16]
    .text                 ro code  0x0804c7b4     0x16  strchr.o [16]
    .text                 ro code  0x0804c7cc     0x40  xfail_s.o [4]
    .text                 ro code  0x0804c80c     0x58  memchr.o [16]
    .text                 ro code  0x0804c864     0x70  frexp.o [15]
    .text                 ro code  0x0804c8d4     0x2e  DblCmpLe.o [15]
    .text                 ro code  0x0804c904     0x2e  DblCmpGe.o [15]
    .text                 ro code  0x0804c934    0x13a  ldexp.o [15]
    .text                 ro code  0x0804ca70     0x3a  DblToS32.o [15]
    .text                 ro code  0x0804caac     0x22  S32ToDbl.o [15]
    .text                 ro code  0x0804cad0     0xe2  DblSub.o [15]
    .text                 ro code  0x0804cbb4    0x246  DblDiv.o [15]
    Veneer                ro code  0x0804cdfc      0x8  - Linker created -
    .text                 ro code  0x0804ce04    0x810  lxbus_suspend.o [11]
    .text                 ro code  0x0804d614     0x10  rtl8710b_bor.o [7]
    .text                 ro code  0x0804d624     0xac  rtl8710b_pinmap.o [7]
    Veneer                ro code  0x0804d6d0      0x8  - Linker created -
    Veneer                ro code  0x0804d6d8      0x8  - Linker created -
    Veneer                ro code  0x0804d6e0      0x8  - Linker created -
    Veneer                ro code  0x0804d6e8      0x8  - Linker created -
    Veneer                ro code  0x0804d6f0      0x8  - Linker created -
    Veneer                ro code  0x0804d6f8      0x8  - Linker created -
    Veneer                ro code  0x0804d700      0x8  - Linker created -
    Veneer                ro code  0x0804d708      0x8  - Linker created -
    Veneer                ro code  0x0804d710      0x8  - Linker created -
    Veneer                ro code  0x0804d718      0x8  - Linker created -
    Veneer                ro code  0x0804d720      0x8  - Linker created -
    Veneer                ro code  0x0804d728      0x8  - Linker created -
    Veneer                ro code  0x0804d730      0x8  - Linker created -
    Veneer                ro code  0x0804d738      0x8  - Linker created -
    .text                 ro code  0x0804d740    0x320  rtl_consol.o [2]
    .text                 ro code  0x0804da60      0x4  xTzoff_nop.o [4]
    .text                 ro code  0x0804da64    0x108  xttotm.o [4]
    .text                 ro code  0x0804db6c     0x6c  xDaysTo.o [4]
    .text                 ro code  0x0804dbd8    0x51c  ip_frag.o [2]
    .text                 ro code  0x0804e0f4      0x6  ABImemclr.o [16]
    .text                 ro code  0x0804e0fc    0x174  raw.o [2]
    .text                 ro code  0x0804e270    0xec0  tcp_in.o [2]
    .text                 ro code  0x0804f130    0xa74  tcp_out.o [2]
    .text                 ro code  0x0804fba4      0x2  wifi_conf.o [2]
[...]
vApplicationStackOverflowHook
                        0x0801f5e9     0x10  Code  Gb  port.o [2]
vApplicationStackOverflowHook::__FUNCTION__
                        0x0801f5f8     0x20  Data  Lc  port.o [2]
vListInitialise         0x0801f641     0x1a  Code  Gb  list.o [2]
vListInitialiseItem     0x0801f65b      0x6  Code  Gb  list.o [2]
vListInsert             0x0801f679     0x32  Code  Gb  list.o [2]
vListInsertEnd          0x0801f661     0x18  Code  Gb  list.o [2]
vPortClearInterruptMask
                        0x0808b2db           Code  Gb  portasm.o [2]
vPortDefineHeapRegions  0x08011ac9     0x60  Code  Gb  heap_5.o [2]
vPortEnableVFP          0x0808b315           Code  Gb  portasm.o [2]
vPortEnterCritical      0x0801f58b     0x18  Code  Gb  port.o [2]
vPortExitCritical       0x0801f5a3     0x10  Code  Gb  port.o [2]
vPortFree               0x08011a63     0x18  Code  Gb  heap_5.o [2]
vPortSVCHandler         0x0808b2e1           Code  Gb  portasm.o [2]
vPortStartFirstTask     0x0808b2fd           Code  Gb  portasm.o [2]
vPortSuppressTicksAndSleep
                        0x0801fe19     0x4a  Code  Gb  rtl8710b_freertos_pmu.o [7]
vPortYield              0x0801f579     0x12  Code  Gb  port.o [2]
vQueueDelete            0x0801760f     0x16  Code  Gb  queue.o [2]
vQueueWaitForMessageRestricted
                        0x08017733     0x3c  Code  Gb  queue.o [2]
vTaskDelay              0x080126ad     0x30  Code  Gb  tasks.o [2]
vTaskDelete             0x08012661     0x44  Code  Gb  tasks.o [2]
vTaskGetCurrentTCB      0x08012e25      0x2  Code  Gb  tasks.o [2]
vTaskMissedYield        0x08012bdd      0x8  Code  Gb  tasks.o [2]
vTaskPlaceOnEventList   0x08012a95     0x18  Code  Gb  tasks.o [2]
vTaskPlaceOnEventListRestricted
                        0x08012ae5     0x14  Code  Gb  tasks.o [2]
vTaskPriorityInherit    0x08012d27     0x80  Code  Gb  tasks.o [2]
vTaskPrioritySet        0x080126f1     0xa2  Code  Gb  tasks.o [2]
vTaskResume             0x080127f3     0x38  Code  Gb  tasks.o [2]
vTaskSetTimeOutState    0x08012b8b      0xc  Code  Gb  tasks.o [2]
vTaskStartScheduler     0x0801282b     0x4a  Code  Gb  tasks.o [2]
vTaskStepTick           0x08012965      0xc  Code  Gb  tasks.o [2]
vTaskSuspendAll         0x08012875      0xc  Code  Gb  tasks.o [2]
vTaskSwitchContext      0x08012a23     0x66  Code  Gb  tasks.o [2]
vTaskSwitchContext{1}{3}{6}::ucExpectedStackBytes
                        0x08012e40     0x14  Data  Lc  tasks.o [2]
valicert_cl2_sha1_1024  0x08084a34    0x2ec  Data  Lc  ca_certs_der.o [2]
validate_recv_ctrl_frame
                        0x0805d967    0x162  Code  Gb  rtw_recv.o [11]
validate_recv_data_frame
                        0x0805db05    0x204  Code  Gb  rtw_recv.o [11]
validate_recv_frame     0x0805dd27     0xb0  Code  Gb  rtw_recv.o [11]
validate_recv_mgnt_frame
                        0x0805dac9     0x3c  Code  Gb  rtw_recv.o [11]
verify_ota_checksum     0x0803df79    0x132  Code  Gb  rtl8710b_ota.o [2]
verify_ota_checksum::__FUNCTION__
                        0x0803e0ac     0x14  Data  Lc  rtl8710b_ota.o [2]
version                 0x1000b700     0x3c  Data  Lc  Ayla_demo_ledevb.o [2]
vsnprintf               0x0801e625     0x3c  Code  Gb  vsnprint.o [4]
wakelock                0x1000596c      0x4  Data  Lc  rtl8710b_freertos_pmu.o [7]
wakeup_sta_to_xmit      0x0806afe3    0x1c6  Code  Gb  rtw_xmit.o [11]
wakeup_time_ms          0x10005974      0x4  Data  Lc  rtl8710b_freertos_pmu.o [7]
wep_80211_decrypt {Abs}
                        0x000158e1           Data  Gb  command line/config [3]
wep_80211_encrypt {Abs}
                        0x0001587d           Data  Gb  command line/config [3]
wext_disable_powersave  0x080270f1     0x4a  Code  Gb  wifi_util.o [2]
wext_enable_powersave   0x080270a5     0x4c  Code  Gb  wifi_util.o [2]
wext_get_channel        0x0802745b     0x2e  Code  Gb  wifi_util.o [2]
wext_get_enc_ext        0x08026f55     0x68  Code  Gb  wifi_util.o [2]
wext_get_lps_dtim       0x080271f3     0x5a  Code  Gb  wifi_util.o [2]
wext_get_lps_dtim::__func__
                        0x0802780c     0x14  Data  Lc  wifi_util.o [2]
wext_get_mode           0x0802730d     0x2c  Code  Gb  wifi_util.o [2]
wext_get_passphrase     0x0802704d     0x30  Code  Gb  wifi_util.o [2]
wext_get_rssi           0x08027367     0x2e  Code  Gb  wifi_util.o [2]
wext_get_scan           0x080274bf     0x2e  Code  Gb  wifi_util.o [2]
wext_get_ssid           0x08026c69     0x52  Code  Gb  wifi_util.o [2]
wext_private_command    0x08027505     0xe0  Code  Gb  wifi_util.o [2]
wext_set_adaptivity     0x080277b3     0x1e  Code  Gb  wifi_util.o [2]
wext_set_ap_ssid        0x08027339     0x2e  Code  Gb  wifi_util.o [2]
wext_set_auth_param     0x08026dd1     0x34  Code  Gb  wifi_util.o [2]
wext_set_autoreconnect  0x08027729     0x54  Code  Gb  wifi_util.o [2]
wext_set_bssid          0x08026d3d     0x4c  Code  Gb  wifi_util.o [2]
wext_set_channel        0x08027419     0x30  Code  Gb  wifi_util.o [2]
wext_set_key_ext        0x08026e39     0xf2  Code  Gb  wifi_util.o [2]
wext_set_lps_dtim       0x080271ad     0x3e  Code  Gb  wifi_util.o [2]
wext_set_mode           0x080272e5     0x28  Code  Gb  wifi_util.o [2]
wext_set_passphrase     0x08026fdd     0x2e  Code  Gb  wifi_util.o [2]
wext_set_pscan_channel  0x08027395     0x84  Code  Gb  wifi_util.o [2]
wext_set_scan           0x08027489     0x36  Code  Gb  wifi_util.o [2]
wext_set_ssid           0x08026cf1     0x30  Code  Gb  wifi_util.o [2]
wext_set_tdma_param     0x0802713b     0x62  Code  Gb  wifi_util.o [2]
wext_set_tos_value      0x0802724d     0x80  Code  Gb  wifi_util.o [2]
wext_wlan_indicate      0x08027601    0x106  Code  Gb  wifi_util.o [2]
wifi                    0x100055a4     0x38  Data  Lc  atcmd_wifi.o [2]
wifi_ap_sta_assoc_hdl   0x08039919      0x2  Code  Lc  wifi_conf.o [2]
wifi_ap_sta_disassoc_hdl
                        0x0803991b      0x2  Code  Lc  wifi_conf.o [2]
wifi_autoreconnect_hdl  0x0803a0e1     0x32  Code  Gb  wifi_conf.o [2]
wifi_autoreconnect_hdl::param
                        0x10012be8     0x18  Data  Lc  wifi_conf.o [2]
wifi_autoreconnect_thread
                        0x0803a079     0x68  Code  Lc  wifi_conf.o [2]
wifi_cli_help           0x08083fe8     0x10  Data  Lc  Ayla_demo_conf.o [2]
wifi_config_autoreconnect
                        0x0803a115     0x1a  Code  Gb  wifi_conf.o [2]
wifi_connect            0x080390df    0x266  Code  Gb  wifi_conf.o [2]
wifi_connect_bssid      0x0803939d    0x1a6  Code  Gb  wifi_conf.o [2]
wifi_connect_bssid_local
                        0x08038e75    0x118  Code  Lc  wifi_conf.o [2]
wifi_connect_local      0x08038d81     0xe8  Code  Lc  wifi_conf.o [2]
wifi_connected_hdl      0x08039017     0x44  Code  Lc  wifi_conf.o [2]
wifi_disable_powersave  0x0803963b      0x8  Code  Gb  wifi_conf.o [2]
wifi_disconn_hdl        0x08039073     0x6c  Code  Lc  wifi_conf.o [2]
wifi_disconnect         0x080395c5     0x22  Code  Gb  wifi_conf.o [2]
wifi_disconnect::null_bssid
                        0x080395e8      0x8  Data  Lc  wifi_conf.o [2]
wifi_enter_promisc_mode
                        0x0803a01f     0x4c  Code  Gb  wifi_conf.o [2]
wifi_get_associated_client_list
                        0x08039645     0x36  Code  Gb  wifi_conf.o [2]
wifi_get_lps_dtim       0x0803990f      0xa  Code  Gb  wifi_conf.o [2]
wifi_get_rssi           0x080396a3      0xa  Code  Gb  wifi_conf.o [2]
wifi_get_setting        0x08039ea9     0xb4  Code  Gb  wifi_conf.o [2]
wifi_handshake_done_hdl
                        0x0803905b     0x18  Code  Lc  wifi_conf.o [2]
wifi_html_txt           0x08088cb0    0x158  Data  Gb  wifi.html.o [2]
wifi_html_txt_len       0x1000bc94      0x4  Data  Gb  wifi.html.o [2]
wifi_indication         0x08021429     0x3a  Code  Gb  wifi_ind.o [2]
wifi_init_packet_filter
                        0x0803a171      0x4  Code  Gb  wifi_conf.o [2]
wifi_is_connected_to_ap
                        0x08039621      0x4  Code  Gb  wifi_conf.o [2]
wifi_is_up              0x08039625     0x16  Code  Gb  wifi_conf.o [2]
wifi_js_txt             0x08088e08   0x1808  Data  Gb  wifi.js.o [2]
wifi_js_txt_len         0x1000bc98      0x4  Data  Gb  wifi.js.o [2]
wifi_mac_hash           0x0805b0b9     0x2a  Code  Lc  rtw_sta_mgt.o [11]
wifi_mode               0x100055dc      0x4  Data  Gb  atcmd_wifi.o [2]
wifi_no_network_hdl     0x08039009      0xe  Code  Lc  wifi_conf.o [2]
wifi_off                0x08039825     0x8c  Code  Gb  wifi_conf.o [2]
wifi_on                 0x080396bd     0xda  Code  Gb  wifi_conf.o [2]
wifi_on::event_init     0x10012be4      0x4  Data  Lc  wifi_conf.o [2]
wifi_reg_event_handler  0x08021463     0x3a  Code  Gb  wifi_ind.o [2]
wifi_rx_beacon_hdl      0x08039007      0x2  Code  Gb  wifi_conf.o [2]
wifi_scan               0x08039bf9     0x78  Code  Gb  wifi_conf.o [2]
wifi_scan_done_hdl      0x08039b83     0x68  Code  Gb  wifi_conf.o [2]
wifi_scan_each_report_hdl
                        0x08039a2d    0x156  Code  Gb  wifi_conf.o [2]
wifi_scan_networks      0x08039de3     0xb2  Code  Gb  wifi_conf.o [2]
wifi_scan_networks_with_ssid
                        0x08039c75    0x16e  Code  Gb  wifi_conf.o [2]
wifi_set_autoreconnect  0x0803a12f      0xc  Code  Gb  wifi_conf.o [2]
wifi_set_channel        0x080396ad      0xa  Code  Gb  wifi_conf.o [2]
wifi_set_lps_dtim       0x08039905      0xa  Code  Gb  wifi_conf.o [2]
wifi_set_power_mode     0x080398e5      0x4  Code  Gb  wifi_conf.o [2]
wifi_set_promisc        0x0803a01b      0x4  Code  Gb  wifi_conf.o [2]
wifi_set_pscan_chan     0x08039e95     0x12  Code  Gb  wifi_conf.o [2]
wifi_set_tdma_param     0x080398f1     0x14  Code  Gb  wifi_conf.o [2]
wifi_show_setting       0x08039f61     0xa6  Code  Gb  wifi_conf.o [2]
wifi_start_ap           0x0803991d     0x78  Code  Gb  wifi_conf.o [2]
wifi_unreg_event_handler
                        0x0802149d     0x30  Code  Gb  wifi_ind.o [2]
wifirate2_ratetbl_inx {Abs}
                        0x00017015           Data  Gb  command line/config [3]
wireless_send_event     0x0806464b      0xa  Code  Gb  freertos_ioctl.o [11]
wlan_intf_v4            0x10014488    0x774  Data  Lc  mDNSPosixOverwrite.o [6]
wlan_network            0x08080689     0x36  Code  Gb  wlan_network.o [2]
wlan_network::__FUNCTION__
                        0x080806f4     0x10  Data  Lc  wlan_network.o [2]
wlancmds                0x0805c568    0x1f8  Data  Gb  rtw_cmd.o [11]
wlanevents              0x080643c0     0xc0  Data  Lc  rtw_mlme_ext.o [11]
wlanhdr_to_ethhdr       0x0805ddd7    0x126  Code  Gb  rtw_recv.o [11]
wpa_global_PSK          0x100141b4     0x50  Data  Gb  rtw_psk.o [11]
wpa_set_encryption      0x08064845    0x180  Code  Lc  freertos_ioctl.o [11]
wrapper_skbbuf_list     0x1001442c      0x8  Data  Lc  freertos_skbuff.o [11]
write_cam               0x08059ba1     0x10  Code  Gb  rtw_wlan_util.o [11]
write_cam_rom {Abs}     0x00016f0d           Data  Gb  command line/config [3]
wsw_head                0x10017eac      0x4  Data  Lc  wifi_page.o [2]
x509_check_wildcard     0x08045f41     0x4a  Code  Lc  x509_crt.o [2]
x509_crt_check_parent   0x0804600b     0x52  Code  Lc  x509_crt.o [2]
x509_crt_parse_der_core
                        0x08045285    0x2be  Code  Lc  x509_crt.o [2]
x509_crt_verify_child   0x080461f9    0x1e2  Code  Lc  x509_crt.o [2]
x509_crt_verify_top     0x0804605d    0x192  Code  Lc  x509_crt.o [2]
x509_date_is_valid      0x08055ba5     0x70  Code  Lc  x509.o [2]
x509_get_attr_type_value
                        0x08055a63     0x90  Code  Lc  x509.o [2]
x509_get_crt_ext        0x08045081    0x1e6  Code  Lc  x509_crt.o [2]
x509_get_subject_alt_name
                        0x08044fd3     0xae  Code  Lc  x509_crt.o [2]
x509_get_uid            0x08044f9d     0x36  Code  Lc  x509_crt.o [2]
x509_info_cert_type     0x080455f9     0xd8  Code  Lc  x509_crt.o [2]
x509_info_key_usage     0x08045745     0xf0  Code  Lc  x509_crt.o [2]
x509_memcasecmp         0x08045f11     0x30  Code  Lc  x509_crt.o [2]
x509_name_cmp           0x08045f8b     0x7a  Code  Lc  x509_crt.o [2]
x509_parse_int          0x08055b71     0x34  Code  Lc  x509.o [2]
x509_profile_check_key  0x08044f7b     0x22  Code  Lc  x509_crt.o [2]
x509_profile_check_md_alg
                        0x08044f57     0x10  Code  Lc  x509_crt.o [2]
x509_profile_check_pk_alg
                        0x08044f67      0xe  Code  Lc  x509_crt.o [2]
xActiveTimerList1       0x10012b98     0x14  Data  Lc  timers.o [2]
xActiveTimerList2       0x10012bac     0x14  Data  Lc  timers.o [2]
xBlockAllocatedBit      0x10005818      0x4  Data  Lc  heap_5.o [2]
xDelayedTaskList1       0x100058e4     0x14  Data  Lc  tasks.o [2]
xDelayedTaskList2       0x100058f8     0x14  Data  Lc  tasks.o [2]
xFreeBytesRemaining     0x10005810      0x4  Data  Lc  heap_5.o [2]
xHeapRegions            0x100057e4     0x20  Data  Gb  heap_5.o [2]
xMCtrl {Abs}            0x10000fb8           Data  Gb  command line/config [3]
xMaximumPossibleSuppressedTicks
                        0x10012784      0x4  Data  Lc  port.o [2]
xMinimumEverFreeBytesRemaining
                        0x10005814      0x4  Data  Lc  heap_5.o [2]
xModemDebug {Abs}       0x0000e2dd           Data  Gb  command line/config [3]
xModemDebugInit {Abs}   0x0000e2a5           Data  Gb  command line/config [3]
xModemGetFirst {Abs}    0x0000e339           Data  Gb  command line/config [3]
xModemGetOthers {Abs}   0x0000e45d           Data  Gb  command line/config [3]
xModemHandshake {Abs}   0x0000e6d5           Data  Gb  command line/config [3]
xModemInquiry {Abs}     0x0000e315           Data  Gb  command line/config [3]
xModemRxBuffer {Abs}    0x0000e945           Data  Gb  command line/config [3]
xModemRxFrame {Abs}     0x0000e691           Data  Gb  command line/config [3]
xNextTaskUnblockTime    0x100058dc      0x4  Data  Lc  tasks.o [2]
xNumOfOverflows         0x100058d4      0x4  Data  Lc  tasks.o [2]
xPendingReadyList       0x10005870     0x14  Data  Lc  tasks.o [2]
xPortGetFreeHeapSize    0x08011a7b      0x6  Code  Gb  heap_5.o [2]
xPortPendSVHandler      0x0808b291           Code  Gb  portasm.o [2]
xPortStartScheduler     0x0801f545     0x34  Code  Gb  port.o [2]
xPortSysTickHandler     0x0801f5b3     0x1e  Code  Gb  port.o [2]
xQueueCreateCountingSemaphore
                        0x080173a5     0x12  Code  Gb  queue.o [2]
xQueueCreateMutex       0x0801735d     0x3e  Code  Gb  queue.o [2]
xQueueGenericCreate     0x08017321     0x3c  Code  Gb  queue.o [2]
xQueueGenericReceive    0x080174ef    0x10e  Code  Gb  queue.o [2]
xQueueGenericReset      0x080172bd     0x64  Code  Gb  queue.o [2]
xQueueGenericSend       0x080173b7     0xcc  Code  Gb  queue.o [2]
xQueueGenericSendFromISR
                        0x08017483     0x6c  Code  Gb  queue.o [2]
xSchedulerRunning       0x100058c8      0x4  Data  Lc  tasks.o [2]
xStart                  0x10005804      0x8  Data  Lc  heap_5.o [2]
xSuspendedTaskList      0x100058a8     0x14  Data  Lc  tasks.o [2]
xTaskCheckForTimeOut    0x08012b97     0x46  Code  Gb  tasks.o [2]
xTaskGenericCreate      0x0801253d    0x124  Code  Gb  tasks.o [2]
xTaskGetCurrentTaskHandle
                        0x08012d0f      0x2  Code  Gb  tasks.o [2]
xTaskGetSchedulerState  0x08012d11     0x16  Code  Gb  tasks.o [2]
xTaskGetTickCount       0x08012931      0xc  Code  Gb  tasks.o [2]
xTaskGetTickCountFromISR
                        0x08012945     0x14  Code  Gb  tasks.o [2]
xTaskGetTotalTickCount  0x0800f0d7     0x28  Code  Gb  stubs.o [2]
xTaskGetTotalTickCount::high_tick
                        0x10014ec0      0x8  Data  Lc  stubs.o [2]
xTaskGetTotalTickCount::old_tick
                        0x10014ec8      0x4  Data  Lc  stubs.o [2]
xTaskIncrementTick      0x08012971     0xb2  Code  Gb  tasks.o [2]
xTaskPriorityDisinherit
                        0x08012da7     0x6c  Code  Gb  tasks.o [2]
xTaskRemoveFromEventList
                        0x08012b19     0x4e  Code  Gb  tasks.o [2]
xTaskResumeAll          0x080128a1     0x90  Code  Gb  tasks.o [2]
xTasksWaitingTermination
                        0x10005884     0x14  Data  Lc  tasks.o [2]
xTickCount              0x100058c0      0x4  Data  Lc  tasks.o [2]
xTimerCreate            0x0801f709     0x3c  Code  Gb  timers.o [2]
xTimerCreateTimerTask   0x0801f6d1     0x38  Code  Gb  timers.o [2]
xTimerGenericCommand    0x0801f745     0x9a  Code  Gb  timers.o [2]
xTimerIsTimerActive     0x0801f9f5     0x1a  Code  Gb  timers.o [2]
xTimerQueue             0x10012b8c      0x4  Data  Lc  timers.o [2]
xTimerTaskHandle        0x10012b90      0x4  Data  Lc  timers.o [2]
xYieldPending           0x100058d0      0x4  Data  Lc  tasks.o [2]
xmit_delivery_enabled_frames
                        0x0806b1df     0xf6  Code  Gb  rtw_xmit.o [11]
xmitframe_addmic        0x0806a37b    0x17a  Code  Gb  rtw_xmit.o [11]
xmitframe_enqueue_for_sleeping_sta
                        0x0806acef    0x18c  Code  Gb  rtw_xmit.o [11]
xmitframe_swencrypt     0x0806a4fb     0x30  Code  Gb  rtw_xmit.o [11]
xml_add_to_dest         0x08034569     0x2e  Code  Lc  xml_encode.o [2]
xml_decode              0x0804c5f9    0x170  Code  Gb  xml_decode.o [2]
xml_decode_args         0x080340af     0x4c  Code  Lc  xml.o [2]
xml_encode              0x08034599    0x116  Code  Gb  xml_encode.o [2]
xml_parse               0x080340fd    0x310  Code  Gb  xml.o [2]
xml_parse_init          0x0803400d     0x1e  Code  Gb  xml.o [2]
xml_put_arg             0x0803406b     0x1e  Code  Lc  xml.o [2]
xml_putc                0x0803404d     0x1e  Code  Lc  xml.o [2]
xml_tag_find            0x0803402b     0x22  Code  Lc  xml.o [2]
xml_ws                  0x08034093     0x1c  Code  Lc  xml.o [2]
xmodem_log_close {Abs}  0x0000e9f5           Data  Gb  command line/config [3]
xmodem_log_open {Abs}   0x0000ea01           Data  Gb  command line/config [3]
xmodem_uart_deinit {Abs}
                        0x0000eb25           Data  Gb  command line/config [3]
xmodem_uart_getc {Abs}  0x0000ec0d           Data  Gb  command line/config [3]
xmodem_uart_init {Abs}  0x0000ea39           Data  Gb  command line/config [3]
xmodem_uart_port_deinit {Abs}
                        0x0000eb99           Data  Gb  command line/config [3]
xmodem_uart_port_init {Abs}
                        0x0000eb35           Data  Gb  command line/config [3]
xmodem_uart_putc {Abs}  0x0000ec35           Data  Gb  command line/config [3]
xmodem_uart_putdata {Abs}
                        0x0000ec49           Data  Gb  command line/config [3]
xmodem_uart_readable {Abs}
                        0x0000ebdd           Data  Gb  command line/config [3]
xmodem_uart_writable {Abs}
                        0x0000ebf5           Data  Gb  command line/config [3]
xnetif                  0x1000d1b8     0x80  Data  Gb  lwip_netconf.o [2]
zeroEthAddr             0x0808ad24      0x8  Data  Gb  DNSCommon.o [6]
zeroID                  0x0808ad40      0x4  Data  Gb  DNSCommon.o [6]
zeroIPPort              0x0808ad0c      0x4  Data  Gb  DNSCommon.o [6]
zeroOpaque64            0x0808ad4c      0x8  Data  Gb  DNSCommon.o [6]
zero_bssid              0x08051008      0x8  Data  Gb  rtw_promisc.o [11]
zerov4Addr              0x0808ad10      0x4  Data  Gb  DNSCommon.o [6]
zerov6Addr              0x0808ad14     0x10  Data  Gb  DNSCommon.o [6]


[1] = C:\Users\wyc\Desktop\开发项目集\（8）Realtek8710BX\RTL8710BX\RTK8710BX\project\realtek_amebaz_va0_example\EWARM-RELEASE\..\..\..\component\soc\realtek\8711b\misc\bsp\image
[2] = C:\Users\wyc\Desktop\开发项目集\（8）Realtek8710BX\RTL8710BX\RTK8710BX\project\realtek_amebaz_va0_example\EWARM-RELEASE\Debug\Obj
[3] = command line
[4] = dl7M_tln.a
[5] = lib_http.a
[6] = lib_mdns.a
[7] = lib_platform.a
[8] = lib_rt_airkiss_algo.a
[9] = lib_rtlstd.a
[10] = lib_websocket.a
[11] = lib_wlan.a
[12] = lib_wps.a
[13] = lib_xmodem.a
[14] = libairkiss.a
[15] = m7M_tls.a
[16] = rt7M_tl.a

  514 790 bytes of readonly  code memory
   38 602 bytes of readonly  data memory
  208 874 bytes of readwrite data memory

Errors: none
Warnings: 2
